MPLINK 5.00, LINKER
Linker Map File - Created Wed Apr 23 10:54:38 2014

                                 Section Info
                  Section       Type    Address   Location Size(Bytes)
                ---------  ---------  ---------  ---------  ---------
               _entry_scn       code   0x000000    program   0x000006
           .code___init.o       code   0x000006    program   0x000002
                      isr       code   0x000008    program   0x0001ec
                   .cinit    romdata   0x0001f4    program   0x00001a
              .code_lcd.o       code   0x00020e    program   0x000ba0
       .code_led_driver.o       code   0x000dae    program   0x000274
              .code_adc.o       code   0x001022    program   0x000180
              .code_RPI.o       code   0x0011a2    program   0x000134
    .code_motor_control.o       code   0x0012d6    program   0x0000a4
               _cinit_scn       code   0x00137a    program   0x00009e
             .code_main.o       code   0x001418    program   0x00006e
                     PROG       code   0x001486    program   0x000068
         .code_spi1open.o       code   0x0014ee    program   0x00005e
      .code_pushButtons.o       code   0x00154c    program   0x000028
             D100TCYXCODE       code   0x001574    program   0x000020
                    .code       code   0x001594    program   0x000020
                   STRING       code   0x0015b4    program   0x00001c
             _startup_scn       code   0x0015d0    program   0x00001a
              D10TCYXCODE       code   0x0015ea    program   0x000016
      .romdata_spi1open.o    romdata   0x001600    program   0x000000
      .idata_spi1open.o_i    romdata   0x001600    program   0x000000
        .romdata___init.o    romdata   0x001600    program   0x000000
           .romdata_RPI.o    romdata   0x001600    program   0x000000
   .romdata_pushButtons.o    romdata   0x001600    program   0x000000
   .idata_pushButtons.o_i    romdata   0x001600    program   0x000000
 .romdata_motor_control.o    romdata   0x001600    program   0x000000
 .idata_motor_control.o_i    romdata   0x001600    program   0x000000
       .romdata_c018i_e.o    romdata   0x001600    program   0x000000
           .romdata_adc.o    romdata   0x001600    program   0x000000
          .idata_main.o_i    romdata   0x001600    program   0x000018
    .romdata_led_driver.o    romdata   0x001600    program   0x000000
          .romdata_main.o    romdata   0x001600    program   0x000000
           .romdata_lcd.o    romdata   0x001600    program   0x000000
           .idata_lcd.o_i    romdata   0x001618    program   0x000002
    .idata_led_driver.o_i    romdata   0x001618    program   0x000000
        .idata___init.o_i    romdata   0x00161a    program   0x000000
           .idata_adc.o_i    romdata   0x00161a    program   0x000000
          .code_c018i_e.o       code   0x00161a    program   0x000000
           .idata_RPI.o_i    romdata   0x00161a    program   0x000000
       .idata_c018i_e.o_i    romdata   0x00161a    program   0x000000
     .config_1fff8_main.o    romdata   0x01fff8    program   0x000001
     .config_1fffa_main.o    romdata   0x01fffa    program   0x000001
            .udata_main.o      udata   0x000000       data   0x000054
         .udata_c018i_e.o      udata   0x000054       data   0x00000a
                 .tmpdata      udata   0x00005e       data   0x000002
                MATH_DATA      udata   0x000060       data   0x000004
      .udata_led_driver.o      udata   0x000064       data   0x000004
             .idata_lcd.o      idata   0x000068       data   0x000002
          .idata___init.o      idata   0x00006a       data   0x000000
          .udata___init.o      udata   0x00006a       data   0x000000
        .idata_spi1open.o      idata   0x00006a       data   0x000000
        .udata_spi1open.o      udata   0x00006a       data   0x000000
             .idata_RPI.o      idata   0x00006a       data   0x000000
             .udata_RPI.o      udata   0x00006a       data   0x000000
     .idata_pushButtons.o      idata   0x00006a       data   0x000000
     .udata_pushButtons.o      udata   0x00006a       data   0x000000
   .idata_motor_control.o      idata   0x00006a       data   0x000000
   .udata_motor_control.o      udata   0x00006a       data   0x000000
             .idata_adc.o      idata   0x00006a       data   0x000000
             .udata_adc.o      udata   0x00006a       data   0x000000
      .idata_led_driver.o      idata   0x00006a       data   0x000000
         .idata_c018i_e.o      idata   0x00006a       data   0x000000
                   .stack      udata   0x000d00       data   0x000100
             .udata_lcd.o      udata   0x000f00       data   0x000027
            .idata_main.o      idata   0x000f27       data   0x000018
                DELAYDAT1      udata   0x000f3f       data   0x000001
              SFR_BANKED0      udata   0x000f5a       data   0x000006
            SFR_UNBANKED0      udata   0x000f60       data   0x0000a0



                              Program Memory Usage 
                               Start         End      
                           ---------   ---------      
                            0x000000    0x001619      
                            0x01fff8    0x01fff8      
                            0x01fffa    0x01fffa      
            5660 out of 131072 program addresses used, program memory utilization is 4%



                              Symbols - Sorted by Name
                     Name    Address   Location    Storage File                     
                ---------  ---------  ---------  --------- ---------                
             Checkerboard   0x000b1e    program     extern C:\Users\team2\MPLABXProjects\Every1DJ.X\lcd.c
                   D100_1   0x001586    program     static E:\3.46\pic18-lt\cxx-framework\src\extended\delays\d100tcyx.asm
                    D100x   0x001584    program     static E:\3.46\pic18-lt\cxx-framework\src\extended\delays\d100tcyx.asm
                    D10_1   0x0015fa    program     static E:\3.46\pic18-lt\cxx-framework\src\extended\delays\d10tcyx.asm
                     D10x   0x0015f2    program     static E:\3.46\pic18-lt\cxx-framework\src\extended\delays\d10tcyx.asm
             Delay100TCYx   0x001574    program     extern E:\3.46\pic18-lt\cxx-framework\src\extended\delays\d100tcyx.asm
              Delay10TCYx   0x0015ea    program     extern E:\3.46\pic18-lt\cxx-framework\src\extended\delays\d10tcyx.asm
                 Fill_RAM   0x000ac6    program     extern C:\Users\team2\MPLABXProjects\Every1DJ.X\lcd.c
                    LEDON   0x000e68    program     extern C:\Users\team2\MPLABXProjects\Every1DJ.X\led_driver.c
                 OpenSPI1   0x0014ee    program     extern E:\3.46\pic18-lt\cxx-framework\src\pmc_common\SPI\spi1open.c
       Set_Display_On_Off   0x000a8a    program     extern C:\Users\team2\MPLABXProjects\Every1DJ.X\lcd.c
       Set_Entire_Display   0x0009e4    program     extern C:\Users\team2\MPLABXProjects\Every1DJ.X\lcd.c
         Set_Start_Column   0x000a5c    program     extern C:\Users\team2\MPLABXProjects\Every1DJ.X\lcd.c
           Set_Start_Page   0x000aa8    program     extern C:\Users\team2\MPLABXProjects\Every1DJ.X\lcd.c
       _D100TCYXCODE_000A   0x00157e    program     static E:\3.46\pic18-lt\cxx-framework\src\extended\delays\d100tcyx.asm
       _D100TCYXCODE_000C   0x001580    program     static E:\3.46\pic18-lt\cxx-framework\src\extended\delays\d100tcyx.asm
       _D100TCYXCODE_0016   0x00158a    program     static E:\3.46\pic18-lt\cxx-framework\src\extended\delays\d100tcyx.asm
       _D100TCYXCODE_001C   0x001590    program     static E:\3.46\pic18-lt\cxx-framework\src\extended\delays\d100tcyx.asm
        _D10TCYXCODE_000A   0x0015f4    program     static E:\3.46\pic18-lt\cxx-framework\src\extended\delays\d10tcyx.asm
        _D10TCYXCODE_000C   0x0015f6    program     static E:\3.46\pic18-lt\cxx-framework\src\extended\delays\d10tcyx.asm
        _D10TCYXCODE_000E   0x0015f8    program     static E:\3.46\pic18-lt\cxx-framework\src\extended\delays\d10tcyx.asm
       ___return_lbl00000   0x000004    program     static                          
       ___return_lbl00001   0x0015e8    program     static                          
       ___return_lbl00002   0x001416    program     static                          
               __config_0   0x01fff8    program     static C:\Users\team2\MPLABXProjects\Every1DJ.X\main.c
               __config_1   0x01fffa    program     static C:\Users\team2\MPLABXProjects\Every1DJ.X\main.c
                   __init   0x000006    program     extern E:\3.46\pic18-lt\cxx-framework\src\extended\stdclib\__init.c
                  __mul16   0x001486    program     extern E:\3.46\pic18-lt\cxx-framework\src\extended\math\mul16.asm
            __zero_memory   0x001594    program     extern E:\3.46\pic18-lt\cxx-framework\src\extended\proc\p18f87j11.asm
                _do_cinit   0x00137a    program     extern E:\3.46\pic18-lt\cxx-framework\src\extended\startup\c018i_e.c
                   _entry   0x000000    program     extern E:\3.46\pic18-lt\cxx-framework\src\extended\startup\c018i_e.c
                 _startup   0x0015d0    program     extern E:\3.46\pic18-lt\cxx-framework\src\extended\startup\c018i_e.c
                      adc   0x00106c    program     extern C:\Users\team2\MPLABXProjects\Every1DJ.X\adc.c
                 blueLEDs   0x000e32    program     extern C:\Users\team2\MPLABXProjects\Every1DJ.X\led_driver.c
                 closeI2C   0x000b82    program     extern C:\Users\team2\MPLABXProjects\Every1DJ.X\lcd.c
              closeI2CLED   0x000dee    program     extern C:\Users\team2\MPLABXProjects\Every1DJ.X\led_driver.c
                compare_l   0x0015aa    program     static E:\3.46\pic18-lt\cxx-framework\src\extended\proc\p18f87j11.asm
          controlRegister   0x000dd4    program     extern C:\Users\team2\MPLABXProjects\Every1DJ.X\led_driver.c
                copy_loop   0x0013ec    program     static                          
            copy_one_byte   0x0013f2    program     static                          
                     done   0x001416    program     static                          
             done_copying   0x001400    program     static                          
                greenLEDs   0x000e56    program     extern C:\Users\team2\MPLABXProjects\Every1DJ.X\led_driver.c
            initializeADC   0x001022    program     extern C:\Users\team2\MPLABXProjects\Every1DJ.X\adc.c
            initializeLCD   0x000b8e    program     extern C:\Users\team2\MPLABXProjects\Every1DJ.X\lcd.c
          initializeMotor   0x0012d6    program     extern C:\Users\team2\MPLABXProjects\Every1DJ.X\motor_control.c
    initializePushButtons   0x00154c    program     extern C:\Users\team2\MPLABXProjects\Every1DJ.X\pushButtons.c
            initializeRPI   0x0011a2    program     extern C:\Users\team2\MPLABXProjects\Every1DJ.X\RPI.c
                      isr   0x000008    program     extern C:\Users\team2\MPLABXProjects\Every1DJ.X\main.c
                     jEnd   0x0015ce    program     static E:\3.46\pic18-lt\cxx-framework\src\extended\stdclib\strlen.asm
                    jLoop   0x0015c4    program     static E:\3.46\pic18-lt\cxx-framework\src\extended\stdclib\strlen.asm
                  lcdGoTo   0x000a02    program     extern C:\Users\team2\MPLABXProjects\Every1DJ.X\lcd.c
                 lcdWrite   0x000be8    program     extern C:\Users\team2\MPLABXProjects\Every1DJ.X\lcd.c
           lcdWriteString   0x000a20    program     extern C:\Users\team2\MPLABXProjects\Every1DJ.X\lcd.c
                     loop   0x0015de    program     static                          
                   loop_h   0x0015a2    program     static E:\3.46\pic18-lt\cxx-framework\src\extended\proc\p18f87j11.asm
                   loop_l   0x0015ac    program     static E:\3.46\pic18-lt\cxx-framework\src\extended\proc\p18f87j11.asm
                     main   0x001418    program     extern C:\Users\team2\MPLABXProjects\Every1DJ.X\main.c
                  openI2C   0x000b6c    program     extern C:\Users\team2\MPLABXProjects\Every1DJ.X\lcd.c
               openI2CLED   0x000dfa    program     extern C:\Users\team2\MPLABXProjects\Every1DJ.X\led_driver.c
               receiveSPI   0x0011bc    program     extern C:\Users\team2\MPLABXProjects\Every1DJ.X\RPI.c
                  redLEDs   0x000e44    program     extern C:\Users\team2\MPLABXProjects\Every1DJ.X\led_driver.c
              sendControl   0x00020e    program     extern C:\Users\team2\MPLABXProjects\Every1DJ.X\lcd.c
              sendDataLED   0x000dae    program     extern C:\Users\team2\MPLABXProjects\Every1DJ.X\led_driver.c
           sendI2CCommand   0x000260    program     extern C:\Users\team2\MPLABXProjects\Every1DJ.X\lcd.c
              sendI2CData   0x000238    program     extern C:\Users\team2\MPLABXProjects\Every1DJ.X\lcd.c
              sendLEDData   0x000e94    program     extern C:\Users\team2\MPLABXProjects\Every1DJ.X\led_driver.c
               sendLetter   0x000298    program     extern C:\Users\team2\MPLABXProjects\Every1DJ.X\lcd.c
         sendMotorControl   0x00130e    program     extern C:\Users\team2\MPLABXProjects\Every1DJ.X\motor_control.c
                   strlen   0x0015b4    program     extern E:\3.46\pic18-lt\cxx-framework\src\extended\stdclib\strlen.asm
                     test   0x001394    program     static                          
               zero_block   0x0015a2    program     static E:\3.46\pic18-lt\cxx-framework\src\extended\proc\p18f87j11.asm
                   ADCON0   0x000fc2       data     extern E:\3.46\pic18-lt\cxx-framework\src\extended\proc\p18f87j11.asm
               ADCON0bits   0x000fc2       data     extern E:\3.46\pic18-lt\cxx-framework\src\extended\proc\p18f87j11.asm
                   ADCON1   0x000fc1       data     extern E:\3.46\pic18-lt\cxx-framework\src\extended\proc\p18f87j11.asm
               ADCON1bits   0x000fc1       data     extern E:\3.46\pic18-lt\cxx-framework\src\extended\proc\p18f87j11.asm
                    ADRES   0x000fc3       data     extern E:\3.46\pic18-lt\cxx-framework\src\extended\proc\p18f87j11.asm
                   ADRESH   0x000fc4       data     extern E:\3.46\pic18-lt\cxx-framework\src\extended\proc\p18f87j11.asm
                   ADRESL   0x000fc3       data     extern E:\3.46\pic18-lt\cxx-framework\src\extended\proc\p18f87j11.asm
                   ANCON0   0x000fc1       data     extern E:\3.46\pic18-lt\cxx-framework\src\extended\proc\p18f87j11.asm
               ANCON0bits   0x000fc1       data     extern E:\3.46\pic18-lt\cxx-framework\src\extended\proc\p18f87j11.asm
                   ANCON1   0x000fc2       data     extern E:\3.46\pic18-lt\cxx-framework\src\extended\proc\p18f87j11.asm
               ANCON1bits   0x000fc2       data     extern E:\3.46\pic18-lt\cxx-framework\src\extended\proc\p18f87j11.asm
                  BAUDCON   0x000f7e       data     extern E:\3.46\pic18-lt\cxx-framework\src\extended\proc\p18f87j11.asm
                 BAUDCON1   0x000f7e       data     extern E:\3.46\pic18-lt\cxx-framework\src\extended\proc\p18f87j11.asm
             BAUDCON1bits   0x000f7e       data     extern E:\3.46\pic18-lt\cxx-framework\src\extended\proc\p18f87j11.asm
                 BAUDCON2   0x000f7c       data     extern E:\3.46\pic18-lt\cxx-framework\src\extended\proc\p18f87j11.asm
             BAUDCON2bits   0x000f7c       data     extern E:\3.46\pic18-lt\cxx-framework\src\extended\proc\p18f87j11.asm
              BAUDCONbits   0x000f7e       data     extern E:\3.46\pic18-lt\cxx-framework\src\extended\proc\p18f87j11.asm
                      BSR   0x000fe0       data     extern E:\3.46\pic18-lt\cxx-framework\src\extended\proc\p18f87j11.asm
                  CCP1CON   0x000fbb       data     extern E:\3.46\pic18-lt\cxx-framework\src\extended\proc\p18f87j11.asm
              CCP1CONbits   0x000fbb       data     extern E:\3.46\pic18-lt\cxx-framework\src\extended\proc\p18f87j11.asm
                  CCP2CON   0x000fb6       data     extern E:\3.46\pic18-lt\cxx-framework\src\extended\proc\p18f87j11.asm
              CCP2CONbits   0x000fb6       data     extern E:\3.46\pic18-lt\cxx-framework\src\extended\proc\p18f87j11.asm
                  CCP3CON   0x000fb1       data     extern E:\3.46\pic18-lt\cxx-framework\src\extended\proc\p18f87j11.asm
              CCP3CONbits   0x000fb1       data     extern E:\3.46\pic18-lt\cxx-framework\src\extended\proc\p18f87j11.asm
                  CCP4CON   0x000f73       data     extern E:\3.46\pic18-lt\cxx-framework\src\extended\proc\p18f87j11.asm
              CCP4CONbits   0x000f73       data     extern E:\3.46\pic18-lt\cxx-framework\src\extended\proc\p18f87j11.asm
                  CCP5CON   0x000f70       data     extern E:\3.46\pic18-lt\cxx-framework\src\extended\proc\p18f87j11.asm
              CCP5CONbits   0x000f70       data     extern E:\3.46\pic18-lt\cxx-framework\src\extended\proc\p18f87j11.asm
                    CCPR1   0x000fbc       data     extern E:\3.46\pic18-lt\cxx-framework\src\extended\proc\p18f87j11.asm
                   CCPR1H   0x000fbd       data     extern E:\3.46\pic18-lt\cxx-framework\src\extended\proc\p18f87j11.asm
                   CCPR1L   0x000fbc       data     extern E:\3.46\pic18-lt\cxx-framework\src\extended\proc\p18f87j11.asm
                    CCPR2   0x000fb7       data     extern E:\3.46\pic18-lt\cxx-framework\src\extended\proc\p18f87j11.asm
                   CCPR2H   0x000fb8       data     extern E:\3.46\pic18-lt\cxx-framework\src\extended\proc\p18f87j11.asm
                   CCPR2L   0x000fb7       data     extern E:\3.46\pic18-lt\cxx-framework\src\extended\proc\p18f87j11.asm
                    CCPR3   0x000fb2       data     extern E:\3.46\pic18-lt\cxx-framework\src\extended\proc\p18f87j11.asm
                   CCPR3H   0x000fb3       data     extern E:\3.46\pic18-lt\cxx-framework\src\extended\proc\p18f87j11.asm
                   CCPR3L   0x000fb2       data     extern E:\3.46\pic18-lt\cxx-framework\src\extended\proc\p18f87j11.asm
                    CCPR4   0x000f74       data     extern E:\3.46\pic18-lt\cxx-framework\src\extended\proc\p18f87j11.asm
                   CCPR4H   0x000f75       data     extern E:\3.46\pic18-lt\cxx-framework\src\extended\proc\p18f87j11.asm
                   CCPR4L   0x000f74       data     extern E:\3.46\pic18-lt\cxx-framework\src\extended\proc\p18f87j11.asm
                    CCPR5   0x000f71       data     extern E:\3.46\pic18-lt\cxx-framework\src\extended\proc\p18f87j11.asm
                   CCPR5H   0x000f72       data     extern E:\3.46\pic18-lt\cxx-framework\src\extended\proc\p18f87j11.asm
                   CCPR5L   0x000f71       data     extern E:\3.46\pic18-lt\cxx-framework\src\extended\proc\p18f87j11.asm
                   CM1CON   0x000fd2       data     extern E:\3.46\pic18-lt\cxx-framework\src\extended\proc\p18f87j11.asm
                  CM1CON1   0x000fd2       data     extern E:\3.46\pic18-lt\cxx-framework\src\extended\proc\p18f87j11.asm
              CM1CON1bits   0x000fd2       data     extern E:\3.46\pic18-lt\cxx-framework\src\extended\proc\p18f87j11.asm
               CM1CONbits   0x000fd2       data     extern E:\3.46\pic18-lt\cxx-framework\src\extended\proc\p18f87j11.asm
                   CM2CON   0x000fd1       data     extern E:\3.46\pic18-lt\cxx-framework\src\extended\proc\p18f87j11.asm
                  CM2CON1   0x000fd1       data     extern E:\3.46\pic18-lt\cxx-framework\src\extended\proc\p18f87j11.asm
              CM2CON1bits   0x000fd1       data     extern E:\3.46\pic18-lt\cxx-framework\src\extended\proc\p18f87j11.asm
               CM2CONbits   0x000fd1       data     extern E:\3.46\pic18-lt\cxx-framework\src\extended\proc\p18f87j11.asm
                   CMSTAT   0x000f6a       data     extern E:\3.46\pic18-lt\cxx-framework\src\extended\proc\p18f87j11.asm
                 CMSTATUS   0x000f6a       data     extern E:\3.46\pic18-lt\cxx-framework\src\extended\proc\p18f87j11.asm
             CMSTATUSbits   0x000f6a       data     extern E:\3.46\pic18-lt\cxx-framework\src\extended\proc\p18f87j11.asm
               CMSTATbits   0x000f6a       data     extern E:\3.46\pic18-lt\cxx-framework\src\extended\proc\p18f87j11.asm
                   CVRCON   0x000f77       data     extern E:\3.46\pic18-lt\cxx-framework\src\extended\proc\p18f87j11.asm
               CVRCONbits   0x000f77       data     extern E:\3.46\pic18-lt\cxx-framework\src\extended\proc\p18f87j11.asm
                     DDRA   0x000f92       data     extern E:\3.46\pic18-lt\cxx-framework\src\extended\proc\p18f87j11.asm
                 DDRAbits   0x000f92       data     extern E:\3.46\pic18-lt\cxx-framework\src\extended\proc\p18f87j11.asm
                     DDRB   0x000f93       data     extern E:\3.46\pic18-lt\cxx-framework\src\extended\proc\p18f87j11.asm
                 DDRBbits   0x000f93       data     extern E:\3.46\pic18-lt\cxx-framework\src\extended\proc\p18f87j11.asm
                     DDRC   0x000f94       data     extern E:\3.46\pic18-lt\cxx-framework\src\extended\proc\p18f87j11.asm
                 DDRCbits   0x000f94       data     extern E:\3.46\pic18-lt\cxx-framework\src\extended\proc\p18f87j11.asm
                     DDRD   0x000f95       data     extern E:\3.46\pic18-lt\cxx-framework\src\extended\proc\p18f87j11.asm
                 DDRDbits   0x000f95       data     extern E:\3.46\pic18-lt\cxx-framework\src\extended\proc\p18f87j11.asm
                     DDRE   0x000f96       data     extern E:\3.46\pic18-lt\cxx-framework\src\extended\proc\p18f87j11.asm
                 DDREbits   0x000f96       data     extern E:\3.46\pic18-lt\cxx-framework\src\extended\proc\p18f87j11.asm
                     DDRF   0x000f97       data     extern E:\3.46\pic18-lt\cxx-framework\src\extended\proc\p18f87j11.asm
                 DDRFbits   0x000f97       data     extern E:\3.46\pic18-lt\cxx-framework\src\extended\proc\p18f87j11.asm
                     DDRG   0x000f98       data     extern E:\3.46\pic18-lt\cxx-framework\src\extended\proc\p18f87j11.asm
                 DDRGbits   0x000f98       data     extern E:\3.46\pic18-lt\cxx-framework\src\extended\proc\p18f87j11.asm
                     DDRH   0x000f99       data     extern E:\3.46\pic18-lt\cxx-framework\src\extended\proc\p18f87j11.asm
                 DDRHbits   0x000f99       data     extern E:\3.46\pic18-lt\cxx-framework\src\extended\proc\p18f87j11.asm
                     DDRJ   0x000f9a       data     extern E:\3.46\pic18-lt\cxx-framework\src\extended\proc\p18f87j11.asm
                 DDRJbits   0x000f9a       data     extern E:\3.46\pic18-lt\cxx-framework\src\extended\proc\p18f87j11.asm
            DelayCounter1   0x000f3f       data     extern E:\3.46\pic18-lt\cxx-framework\src\extended\delays\delayd1.asm
                  ECCP1AS   0x000fbf       data     extern E:\3.46\pic18-lt\cxx-framework\src\extended\proc\p18f87j11.asm
              ECCP1ASbits   0x000fbf       data     extern E:\3.46\pic18-lt\cxx-framework\src\extended\proc\p18f87j11.asm
                 ECCP1CON   0x000fbb       data     extern E:\3.46\pic18-lt\cxx-framework\src\extended\proc\p18f87j11.asm
             ECCP1CONbits   0x000fbb       data     extern E:\3.46\pic18-lt\cxx-framework\src\extended\proc\p18f87j11.asm
                 ECCP1DEL   0x000fbe       data     extern E:\3.46\pic18-lt\cxx-framework\src\extended\proc\p18f87j11.asm
             ECCP1DELbits   0x000fbe       data     extern E:\3.46\pic18-lt\cxx-framework\src\extended\proc\p18f87j11.asm
                  ECCP2AS   0x000fba       data     extern E:\3.46\pic18-lt\cxx-framework\src\extended\proc\p18f87j11.asm
              ECCP2ASbits   0x000fba       data     extern E:\3.46\pic18-lt\cxx-framework\src\extended\proc\p18f87j11.asm
                 ECCP2CON   0x000fb6       data     extern E:\3.46\pic18-lt\cxx-framework\src\extended\proc\p18f87j11.asm
             ECCP2CONbits   0x000fb6       data     extern E:\3.46\pic18-lt\cxx-framework\src\extended\proc\p18f87j11.asm
                 ECCP2DEL   0x000fb9       data     extern E:\3.46\pic18-lt\cxx-framework\src\extended\proc\p18f87j11.asm
             ECCP2DELbits   0x000fb9       data     extern E:\3.46\pic18-lt\cxx-framework\src\extended\proc\p18f87j11.asm
                  ECCP3AS   0x000fb5       data     extern E:\3.46\pic18-lt\cxx-framework\src\extended\proc\p18f87j11.asm
              ECCP3ASbits   0x000fb5       data     extern E:\3.46\pic18-lt\cxx-framework\src\extended\proc\p18f87j11.asm
                 ECCP3CON   0x000fb1       data     extern E:\3.46\pic18-lt\cxx-framework\src\extended\proc\p18f87j11.asm
             ECCP3CONbits   0x000fb1       data     extern E:\3.46\pic18-lt\cxx-framework\src\extended\proc\p18f87j11.asm
                 ECCP3DEL   0x000fb4       data     extern E:\3.46\pic18-lt\cxx-framework\src\extended\proc\p18f87j11.asm
             ECCP3DELbits   0x000fb4       data     extern E:\3.46\pic18-lt\cxx-framework\src\extended\proc\p18f87j11.asm
                   EECON1   0x000fa6       data     extern E:\3.46\pic18-lt\cxx-framework\src\extended\proc\p18f87j11.asm
               EECON1bits   0x000fa6       data     extern E:\3.46\pic18-lt\cxx-framework\src\extended\proc\p18f87j11.asm
                   EECON2   0x000fa7       data     extern E:\3.46\pic18-lt\cxx-framework\src\extended\proc\p18f87j11.asm
                     FSR0   0x000fe9       data     extern E:\3.46\pic18-lt\cxx-framework\src\extended\proc\p18f87j11.asm
                    FSR0H   0x000fea       data     extern E:\3.46\pic18-lt\cxx-framework\src\extended\proc\p18f87j11.asm
                    FSR0L   0x000fe9       data     extern E:\3.46\pic18-lt\cxx-framework\src\extended\proc\p18f87j11.asm
                     FSR1   0x000fe1       data     extern E:\3.46\pic18-lt\cxx-framework\src\extended\proc\p18f87j11.asm
                    FSR1H   0x000fe2       data     extern E:\3.46\pic18-lt\cxx-framework\src\extended\proc\p18f87j11.asm
                    FSR1L   0x000fe1       data     extern E:\3.46\pic18-lt\cxx-framework\src\extended\proc\p18f87j11.asm
                     FSR2   0x000fd9       data     extern E:\3.46\pic18-lt\cxx-framework\src\extended\proc\p18f87j11.asm
                    FSR2H   0x000fda       data     extern E:\3.46\pic18-lt\cxx-framework\src\extended\proc\p18f87j11.asm
                    FSR2L   0x000fd9       data     extern E:\3.46\pic18-lt\cxx-framework\src\extended\proc\p18f87j11.asm
                    INDF0   0x000fef       data     extern E:\3.46\pic18-lt\cxx-framework\src\extended\proc\p18f87j11.asm
                    INDF1   0x000fe7       data     extern E:\3.46\pic18-lt\cxx-framework\src\extended\proc\p18f87j11.asm
                    INDF2   0x000fdf       data     extern E:\3.46\pic18-lt\cxx-framework\src\extended\proc\p18f87j11.asm
                   INTCON   0x000ff2       data     extern E:\3.46\pic18-lt\cxx-framework\src\extended\proc\p18f87j11.asm
                  INTCON2   0x000ff1       data     extern E:\3.46\pic18-lt\cxx-framework\src\extended\proc\p18f87j11.asm
              INTCON2bits   0x000ff1       data     extern E:\3.46\pic18-lt\cxx-framework\src\extended\proc\p18f87j11.asm
                  INTCON3   0x000ff0       data     extern E:\3.46\pic18-lt\cxx-framework\src\extended\proc\p18f87j11.asm
              INTCON3bits   0x000ff0       data     extern E:\3.46\pic18-lt\cxx-framework\src\extended\proc\p18f87j11.asm
               INTCONbits   0x000ff2       data     extern E:\3.46\pic18-lt\cxx-framework\src\extended\proc\p18f87j11.asm
                     IPR1   0x000f9f       data     extern E:\3.46\pic18-lt\cxx-framework\src\extended\proc\p18f87j11.asm
                 IPR1bits   0x000f9f       data     extern E:\3.46\pic18-lt\cxx-framework\src\extended\proc\p18f87j11.asm
                     IPR2   0x000fa2       data     extern E:\3.46\pic18-lt\cxx-framework\src\extended\proc\p18f87j11.asm
                 IPR2bits   0x000fa2       data     extern E:\3.46\pic18-lt\cxx-framework\src\extended\proc\p18f87j11.asm
                     IPR3   0x000fa5       data     extern E:\3.46\pic18-lt\cxx-framework\src\extended\proc\p18f87j11.asm
                 IPR3bits   0x000fa5       data     extern E:\3.46\pic18-lt\cxx-framework\src\extended\proc\p18f87j11.asm
                     LATA   0x000f89       data     extern E:\3.46\pic18-lt\cxx-framework\src\extended\proc\p18f87j11.asm
                 LATAbits   0x000f89       data     extern E:\3.46\pic18-lt\cxx-framework\src\extended\proc\p18f87j11.asm
                     LATB   0x000f8a       data     extern E:\3.46\pic18-lt\cxx-framework\src\extended\proc\p18f87j11.asm
                 LATBbits   0x000f8a       data     extern E:\3.46\pic18-lt\cxx-framework\src\extended\proc\p18f87j11.asm
                     LATC   0x000f8b       data     extern E:\3.46\pic18-lt\cxx-framework\src\extended\proc\p18f87j11.asm
                 LATCbits   0x000f8b       data     extern E:\3.46\pic18-lt\cxx-framework\src\extended\proc\p18f87j11.asm
                     LATD   0x000f8c       data     extern E:\3.46\pic18-lt\cxx-framework\src\extended\proc\p18f87j11.asm
                 LATDbits   0x000f8c       data     extern E:\3.46\pic18-lt\cxx-framework\src\extended\proc\p18f87j11.asm
                     LATE   0x000f8d       data     extern E:\3.46\pic18-lt\cxx-framework\src\extended\proc\p18f87j11.asm
                 LATEbits   0x000f8d       data     extern E:\3.46\pic18-lt\cxx-framework\src\extended\proc\p18f87j11.asm
                     LATF   0x000f8e       data     extern E:\3.46\pic18-lt\cxx-framework\src\extended\proc\p18f87j11.asm
                 LATFbits   0x000f8e       data     extern E:\3.46\pic18-lt\cxx-framework\src\extended\proc\p18f87j11.asm
                     LATG   0x000f8f       data     extern E:\3.46\pic18-lt\cxx-framework\src\extended\proc\p18f87j11.asm
                 LATGbits   0x000f8f       data     extern E:\3.46\pic18-lt\cxx-framework\src\extended\proc\p18f87j11.asm
                     LATH   0x000f90       data     extern E:\3.46\pic18-lt\cxx-framework\src\extended\proc\p18f87j11.asm
                 LATHbits   0x000f90       data     extern E:\3.46\pic18-lt\cxx-framework\src\extended\proc\p18f87j11.asm
                     LATJ   0x000f91       data     extern E:\3.46\pic18-lt\cxx-framework\src\extended\proc\p18f87j11.asm
                 LATJbits   0x000f91       data     extern E:\3.46\pic18-lt\cxx-framework\src\extended\proc\p18f87j11.asm
                   MEMCON   0x000fcb       data     extern E:\3.46\pic18-lt\cxx-framework\src\extended\proc\p18f87j11.asm
               MEMCONbits   0x000fcb       data     extern E:\3.46\pic18-lt\cxx-framework\src\extended\proc\p18f87j11.asm
                   ODCON1   0x000fcf       data     extern E:\3.46\pic18-lt\cxx-framework\src\extended\proc\p18f87j11.asm
               ODCON1bits   0x000fcf       data     extern E:\3.46\pic18-lt\cxx-framework\src\extended\proc\p18f87j11.asm
                   ODCON2   0x000fce       data     extern E:\3.46\pic18-lt\cxx-framework\src\extended\proc\p18f87j11.asm
               ODCON2bits   0x000fce       data     extern E:\3.46\pic18-lt\cxx-framework\src\extended\proc\p18f87j11.asm
                   ODCON3   0x000fcd       data     extern E:\3.46\pic18-lt\cxx-framework\src\extended\proc\p18f87j11.asm
               ODCON3bits   0x000fcd       data     extern E:\3.46\pic18-lt\cxx-framework\src\extended\proc\p18f87j11.asm
                   OSCCON   0x000fd3       data     extern E:\3.46\pic18-lt\cxx-framework\src\extended\proc\p18f87j11.asm
               OSCCONbits   0x000fd3       data     extern E:\3.46\pic18-lt\cxx-framework\src\extended\proc\p18f87j11.asm
                  OSCTUNE   0x000f9b       data     extern E:\3.46\pic18-lt\cxx-framework\src\extended\proc\p18f87j11.asm
              OSCTUNEbits   0x000f9b       data     extern E:\3.46\pic18-lt\cxx-framework\src\extended\proc\p18f87j11.asm
                  PADCFG1   0x000fcc       data     extern E:\3.46\pic18-lt\cxx-framework\src\extended\proc\p18f87j11.asm
              PADCFG1bits   0x000fcc       data     extern E:\3.46\pic18-lt\cxx-framework\src\extended\proc\p18f87j11.asm
                       PC   0x000ff9       data     extern E:\3.46\pic18-lt\cxx-framework\src\extended\proc\p18f87j11.asm
                      PCL   0x000ff9       data     extern E:\3.46\pic18-lt\cxx-framework\src\extended\proc\p18f87j11.asm
                   PCLATH   0x000ffa       data     extern E:\3.46\pic18-lt\cxx-framework\src\extended\proc\p18f87j11.asm
                   PCLATU   0x000ffb       data     extern E:\3.46\pic18-lt\cxx-framework\src\extended\proc\p18f87j11.asm
                     PIE1   0x000f9d       data     extern E:\3.46\pic18-lt\cxx-framework\src\extended\proc\p18f87j11.asm
                 PIE1bits   0x000f9d       data     extern E:\3.46\pic18-lt\cxx-framework\src\extended\proc\p18f87j11.asm
                     PIE2   0x000fa0       data     extern E:\3.46\pic18-lt\cxx-framework\src\extended\proc\p18f87j11.asm
                 PIE2bits   0x000fa0       data     extern E:\3.46\pic18-lt\cxx-framework\src\extended\proc\p18f87j11.asm
                     PIE3   0x000fa3       data     extern E:\3.46\pic18-lt\cxx-framework\src\extended\proc\p18f87j11.asm
                 PIE3bits   0x000fa3       data     extern E:\3.46\pic18-lt\cxx-framework\src\extended\proc\p18f87j11.asm
                     PIR1   0x000f9e       data     extern E:\3.46\pic18-lt\cxx-framework\src\extended\proc\p18f87j11.asm
                 PIR1bits   0x000f9e       data     extern E:\3.46\pic18-lt\cxx-framework\src\extended\proc\p18f87j11.asm
                     PIR2   0x000fa1       data     extern E:\3.46\pic18-lt\cxx-framework\src\extended\proc\p18f87j11.asm
                 PIR2bits   0x000fa1       data     extern E:\3.46\pic18-lt\cxx-framework\src\extended\proc\p18f87j11.asm
                     PIR3   0x000fa4       data     extern E:\3.46\pic18-lt\cxx-framework\src\extended\proc\p18f87j11.asm
                 PIR3bits   0x000fa4       data     extern E:\3.46\pic18-lt\cxx-framework\src\extended\proc\p18f87j11.asm
                   PLUSW0   0x000feb       data     extern E:\3.46\pic18-lt\cxx-framework\src\extended\proc\p18f87j11.asm
                   PLUSW1   0x000fe3       data     extern E:\3.46\pic18-lt\cxx-framework\src\extended\proc\p18f87j11.asm
                   PLUSW2   0x000fdb       data     extern E:\3.46\pic18-lt\cxx-framework\src\extended\proc\p18f87j11.asm
                   PMADDR   0x000f68       data     extern E:\3.46\pic18-lt\cxx-framework\src\extended\proc\p18f87j11.asm
                  PMADDRH   0x000f69       data     extern E:\3.46\pic18-lt\cxx-framework\src\extended\proc\p18f87j11.asm
              PMADDRHbits   0x000f69       data     extern E:\3.46\pic18-lt\cxx-framework\src\extended\proc\p18f87j11.asm
                  PMADDRL   0x000f68       data     extern E:\3.46\pic18-lt\cxx-framework\src\extended\proc\p18f87j11.asm
                    PMCON   0x000f64       data     extern E:\3.46\pic18-lt\cxx-framework\src\extended\proc\p18f87j11.asm
                   PMCONH   0x000f65       data     extern E:\3.46\pic18-lt\cxx-framework\src\extended\proc\p18f87j11.asm
               PMCONHbits   0x000f65       data     extern E:\3.46\pic18-lt\cxx-framework\src\extended\proc\p18f87j11.asm
                   PMCONL   0x000f64       data     extern E:\3.46\pic18-lt\cxx-framework\src\extended\proc\p18f87j11.asm
               PMCONLbits   0x000f64       data     extern E:\3.46\pic18-lt\cxx-framework\src\extended\proc\p18f87j11.asm
                   PMDIN1   0x000f66       data     extern E:\3.46\pic18-lt\cxx-framework\src\extended\proc\p18f87j11.asm
                  PMDIN1H   0x000f67       data     extern E:\3.46\pic18-lt\cxx-framework\src\extended\proc\p18f87j11.asm
                  PMDIN1L   0x000f66       data     extern E:\3.46\pic18-lt\cxx-framework\src\extended\proc\p18f87j11.asm
                   PMDIN2   0x000f5e       data     extern E:\3.46\pic18-lt\cxx-framework\src\extended\proc\p18f87j11.asm
                  PMDIN2H   0x000f5f       data     extern E:\3.46\pic18-lt\cxx-framework\src\extended\proc\p18f87j11.asm
                  PMDIN2L   0x000f5e       data     extern E:\3.46\pic18-lt\cxx-framework\src\extended\proc\p18f87j11.asm
                  PMDOUT1   0x000f68       data     extern E:\3.46\pic18-lt\cxx-framework\src\extended\proc\p18f87j11.asm
                 PMDOUT1H   0x000f69       data     extern E:\3.46\pic18-lt\cxx-framework\src\extended\proc\p18f87j11.asm
                 PMDOUT1L   0x000f68       data     extern E:\3.46\pic18-lt\cxx-framework\src\extended\proc\p18f87j11.asm
                  PMDOUT2   0x000f60       data     extern E:\3.46\pic18-lt\cxx-framework\src\extended\proc\p18f87j11.asm
                 PMDOUT2H   0x000f61       data     extern E:\3.46\pic18-lt\cxx-framework\src\extended\proc\p18f87j11.asm
                 PMDOUT2L   0x000f60       data     extern E:\3.46\pic18-lt\cxx-framework\src\extended\proc\p18f87j11.asm
                     PMEH   0x000f5d       data     extern E:\3.46\pic18-lt\cxx-framework\src\extended\proc\p18f87j11.asm
                 PMEHbits   0x000f5d       data     extern E:\3.46\pic18-lt\cxx-framework\src\extended\proc\p18f87j11.asm
                     PMEL   0x000f5c       data     extern E:\3.46\pic18-lt\cxx-framework\src\extended\proc\p18f87j11.asm
                 PMELbits   0x000f5c       data     extern E:\3.46\pic18-lt\cxx-framework\src\extended\proc\p18f87j11.asm
                     PMEN   0x000f5c       data     extern E:\3.46\pic18-lt\cxx-framework\src\extended\proc\p18f87j11.asm
                   PMMODE   0x000f62       data     extern E:\3.46\pic18-lt\cxx-framework\src\extended\proc\p18f87j11.asm
                  PMMODEH   0x000f63       data     extern E:\3.46\pic18-lt\cxx-framework\src\extended\proc\p18f87j11.asm
              PMMODEHbits   0x000f63       data     extern E:\3.46\pic18-lt\cxx-framework\src\extended\proc\p18f87j11.asm
                  PMMODEL   0x000f62       data     extern E:\3.46\pic18-lt\cxx-framework\src\extended\proc\p18f87j11.asm
              PMMODELbits   0x000f62       data     extern E:\3.46\pic18-lt\cxx-framework\src\extended\proc\p18f87j11.asm
                   PMSTAT   0x000f5a       data     extern E:\3.46\pic18-lt\cxx-framework\src\extended\proc\p18f87j11.asm
                  PMSTATH   0x000f5b       data     extern E:\3.46\pic18-lt\cxx-framework\src\extended\proc\p18f87j11.asm
              PMSTATHbits   0x000f5b       data     extern E:\3.46\pic18-lt\cxx-framework\src\extended\proc\p18f87j11.asm
                  PMSTATL   0x000f5a       data     extern E:\3.46\pic18-lt\cxx-framework\src\extended\proc\p18f87j11.asm
              PMSTATLbits   0x000f5a       data     extern E:\3.46\pic18-lt\cxx-framework\src\extended\proc\p18f87j11.asm
                    PORTA   0x000f80       data     extern E:\3.46\pic18-lt\cxx-framework\src\extended\proc\p18f87j11.asm
                PORTAbits   0x000f80       data     extern E:\3.46\pic18-lt\cxx-framework\src\extended\proc\p18f87j11.asm
                    PORTB   0x000f81       data     extern E:\3.46\pic18-lt\cxx-framework\src\extended\proc\p18f87j11.asm
                PORTBbits   0x000f81       data     extern E:\3.46\pic18-lt\cxx-framework\src\extended\proc\p18f87j11.asm
                    PORTC   0x000f82       data     extern E:\3.46\pic18-lt\cxx-framework\src\extended\proc\p18f87j11.asm
                PORTCbits   0x000f82       data     extern E:\3.46\pic18-lt\cxx-framework\src\extended\proc\p18f87j11.asm
                    PORTD   0x000f83       data     extern E:\3.46\pic18-lt\cxx-framework\src\extended\proc\p18f87j11.asm
                PORTDbits   0x000f83       data     extern E:\3.46\pic18-lt\cxx-framework\src\extended\proc\p18f87j11.asm
                    PORTE   0x000f84       data     extern E:\3.46\pic18-lt\cxx-framework\src\extended\proc\p18f87j11.asm
                PORTEbits   0x000f84       data     extern E:\3.46\pic18-lt\cxx-framework\src\extended\proc\p18f87j11.asm
                    PORTF   0x000f85       data     extern E:\3.46\pic18-lt\cxx-framework\src\extended\proc\p18f87j11.asm
                PORTFbits   0x000f85       data     extern E:\3.46\pic18-lt\cxx-framework\src\extended\proc\p18f87j11.asm
                    PORTG   0x000f86       data     extern E:\3.46\pic18-lt\cxx-framework\src\extended\proc\p18f87j11.asm
                PORTGbits   0x000f86       data     extern E:\3.46\pic18-lt\cxx-framework\src\extended\proc\p18f87j11.asm
                    PORTH   0x000f87       data     extern E:\3.46\pic18-lt\cxx-framework\src\extended\proc\p18f87j11.asm
                PORTHbits   0x000f87       data     extern E:\3.46\pic18-lt\cxx-framework\src\extended\proc\p18f87j11.asm
                    PORTJ   0x000f88       data     extern E:\3.46\pic18-lt\cxx-framework\src\extended\proc\p18f87j11.asm
                PORTJbits   0x000f88       data     extern E:\3.46\pic18-lt\cxx-framework\src\extended\proc\p18f87j11.asm
                 POSTDEC0   0x000fed       data     extern E:\3.46\pic18-lt\cxx-framework\src\extended\proc\p18f87j11.asm
                 POSTDEC1   0x000fe5       data     extern E:\3.46\pic18-lt\cxx-framework\src\extended\proc\p18f87j11.asm
                 POSTDEC2   0x000fdd       data     extern E:\3.46\pic18-lt\cxx-framework\src\extended\proc\p18f87j11.asm
                 POSTINC0   0x000fee       data     extern E:\3.46\pic18-lt\cxx-framework\src\extended\proc\p18f87j11.asm
                 POSTINC1   0x000fe6       data     extern E:\3.46\pic18-lt\cxx-framework\src\extended\proc\p18f87j11.asm
                 POSTINC2   0x000fde       data     extern E:\3.46\pic18-lt\cxx-framework\src\extended\proc\p18f87j11.asm
                      PR2   0x000fcb       data     extern E:\3.46\pic18-lt\cxx-framework\src\extended\proc\p18f87j11.asm
                      PR4   0x000f77       data     extern E:\3.46\pic18-lt\cxx-framework\src\extended\proc\p18f87j11.asm
                  PREINC0   0x000fec       data     extern E:\3.46\pic18-lt\cxx-framework\src\extended\proc\p18f87j11.asm
                  PREINC1   0x000fe4       data     extern E:\3.46\pic18-lt\cxx-framework\src\extended\proc\p18f87j11.asm
                  PREINC2   0x000fdc       data     extern E:\3.46\pic18-lt\cxx-framework\src\extended\proc\p18f87j11.asm
                     PROD   0x000ff3       data     extern E:\3.46\pic18-lt\cxx-framework\src\extended\proc\p18f87j11.asm
                    PRODH   0x000ff4       data     extern E:\3.46\pic18-lt\cxx-framework\src\extended\proc\p18f87j11.asm
                    PRODL   0x000ff3       data     extern E:\3.46\pic18-lt\cxx-framework\src\extended\proc\p18f87j11.asm
                     RCON   0x000fd0       data     extern E:\3.46\pic18-lt\cxx-framework\src\extended\proc\p18f87j11.asm
                 RCONbits   0x000fd0       data     extern E:\3.46\pic18-lt\cxx-framework\src\extended\proc\p18f87j11.asm
                    RCREG   0x000faf       data     extern E:\3.46\pic18-lt\cxx-framework\src\extended\proc\p18f87j11.asm
                   RCREG1   0x000faf       data     extern E:\3.46\pic18-lt\cxx-framework\src\extended\proc\p18f87j11.asm
                   RCREG2   0x000faa       data     extern E:\3.46\pic18-lt\cxx-framework\src\extended\proc\p18f87j11.asm
                    RCSTA   0x000fac       data     extern E:\3.46\pic18-lt\cxx-framework\src\extended\proc\p18f87j11.asm
                   RCSTA1   0x000fac       data     extern E:\3.46\pic18-lt\cxx-framework\src\extended\proc\p18f87j11.asm
               RCSTA1bits   0x000fac       data     extern E:\3.46\pic18-lt\cxx-framework\src\extended\proc\p18f87j11.asm
                   RCSTA2   0x000f9c       data     extern E:\3.46\pic18-lt\cxx-framework\src\extended\proc\p18f87j11.asm
               RCSTA2bits   0x000f9c       data     extern E:\3.46\pic18-lt\cxx-framework\src\extended\proc\p18f87j11.asm
                RCSTAbits   0x000fac       data     extern E:\3.46\pic18-lt\cxx-framework\src\extended\proc\p18f87j11.asm
                  REFOCON   0x000fd3       data     extern E:\3.46\pic18-lt\cxx-framework\src\extended\proc\p18f87j11.asm
              REFOCONbits   0x000fd3       data     extern E:\3.46\pic18-lt\cxx-framework\src\extended\proc\p18f87j11.asm
                    SPBRG   0x000fb0       data     extern E:\3.46\pic18-lt\cxx-framework\src\extended\proc\p18f87j11.asm
                   SPBRG1   0x000fb0       data     extern E:\3.46\pic18-lt\cxx-framework\src\extended\proc\p18f87j11.asm
                   SPBRG2   0x000fab       data     extern E:\3.46\pic18-lt\cxx-framework\src\extended\proc\p18f87j11.asm
                  SPBRGH1   0x000f7f       data     extern E:\3.46\pic18-lt\cxx-framework\src\extended\proc\p18f87j11.asm
                  SPBRGH2   0x000f7d       data     extern E:\3.46\pic18-lt\cxx-framework\src\extended\proc\p18f87j11.asm
                  SSP1ADD   0x000fc8       data     extern E:\3.46\pic18-lt\cxx-framework\src\extended\proc\p18f87j11.asm
                  SSP1BUF   0x000fc9       data     extern E:\3.46\pic18-lt\cxx-framework\src\extended\proc\p18f87j11.asm
                 SSP1CON1   0x000fc6       data     extern E:\3.46\pic18-lt\cxx-framework\src\extended\proc\p18f87j11.asm
             SSP1CON1bits   0x000fc6       data     extern E:\3.46\pic18-lt\cxx-framework\src\extended\proc\p18f87j11.asm
                 SSP1CON2   0x000fc5       data     extern E:\3.46\pic18-lt\cxx-framework\src\extended\proc\p18f87j11.asm
             SSP1CON2bits   0x000fc5       data     extern E:\3.46\pic18-lt\cxx-framework\src\extended\proc\p18f87j11.asm
                  SSP1MSK   0x000fc8       data     extern E:\3.46\pic18-lt\cxx-framework\src\extended\proc\p18f87j11.asm
              SSP1MSKbits   0x000fc8       data     extern E:\3.46\pic18-lt\cxx-framework\src\extended\proc\p18f87j11.asm
                 SSP1STAT   0x000fc7       data     extern E:\3.46\pic18-lt\cxx-framework\src\extended\proc\p18f87j11.asm
             SSP1STATbits   0x000fc7       data     extern E:\3.46\pic18-lt\cxx-framework\src\extended\proc\p18f87j11.asm
                  SSP2ADD   0x000f6e       data     extern E:\3.46\pic18-lt\cxx-framework\src\extended\proc\p18f87j11.asm
                  SSP2BUF   0x000f6f       data     extern E:\3.46\pic18-lt\cxx-framework\src\extended\proc\p18f87j11.asm
                 SSP2CON1   0x000f6c       data     extern E:\3.46\pic18-lt\cxx-framework\src\extended\proc\p18f87j11.asm
             SSP2CON1bits   0x000f6c       data     extern E:\3.46\pic18-lt\cxx-framework\src\extended\proc\p18f87j11.asm
                 SSP2CON2   0x000f6b       data     extern E:\3.46\pic18-lt\cxx-framework\src\extended\proc\p18f87j11.asm
             SSP2CON2bits   0x000f6b       data     extern E:\3.46\pic18-lt\cxx-framework\src\extended\proc\p18f87j11.asm
                  SSP2MSK   0x000f6e       data     extern E:\3.46\pic18-lt\cxx-framework\src\extended\proc\p18f87j11.asm
              SSP2MSKbits   0x000f6e       data     extern E:\3.46\pic18-lt\cxx-framework\src\extended\proc\p18f87j11.asm
                 SSP2STAT   0x000f6d       data     extern E:\3.46\pic18-lt\cxx-framework\src\extended\proc\p18f87j11.asm
             SSP2STATbits   0x000f6d       data     extern E:\3.46\pic18-lt\cxx-framework\src\extended\proc\p18f87j11.asm
                   SSPADD   0x000fc8       data     extern E:\3.46\pic18-lt\cxx-framework\src\extended\proc\p18f87j11.asm
                   SSPBUF   0x000fc9       data     extern E:\3.46\pic18-lt\cxx-framework\src\extended\proc\p18f87j11.asm
                  SSPCON1   0x000fc6       data     extern E:\3.46\pic18-lt\cxx-framework\src\extended\proc\p18f87j11.asm
              SSPCON1bits   0x000fc6       data     extern E:\3.46\pic18-lt\cxx-framework\src\extended\proc\p18f87j11.asm
                  SSPCON2   0x000fc5       data     extern E:\3.46\pic18-lt\cxx-framework\src\extended\proc\p18f87j11.asm
              SSPCON2bits   0x000fc5       data     extern E:\3.46\pic18-lt\cxx-framework\src\extended\proc\p18f87j11.asm
                  SSPSTAT   0x000fc7       data     extern E:\3.46\pic18-lt\cxx-framework\src\extended\proc\p18f87j11.asm
              SSPSTATbits   0x000fc7       data     extern E:\3.46\pic18-lt\cxx-framework\src\extended\proc\p18f87j11.asm
                   STATUS   0x000fd8       data     extern E:\3.46\pic18-lt\cxx-framework\src\extended\proc\p18f87j11.asm
               STATUSbits   0x000fd8       data     extern E:\3.46\pic18-lt\cxx-framework\src\extended\proc\p18f87j11.asm
                   STKPTR   0x000ffc       data     extern E:\3.46\pic18-lt\cxx-framework\src\extended\proc\p18f87j11.asm
               STKPTRbits   0x000ffc       data     extern E:\3.46\pic18-lt\cxx-framework\src\extended\proc\p18f87j11.asm
                    T0CON   0x000fd5       data     extern E:\3.46\pic18-lt\cxx-framework\src\extended\proc\p18f87j11.asm
                T0CONbits   0x000fd5       data     extern E:\3.46\pic18-lt\cxx-framework\src\extended\proc\p18f87j11.asm
                    T1CON   0x000fcd       data     extern E:\3.46\pic18-lt\cxx-framework\src\extended\proc\p18f87j11.asm
                T1CONbits   0x000fcd       data     extern E:\3.46\pic18-lt\cxx-framework\src\extended\proc\p18f87j11.asm
                    T2CON   0x000fca       data     extern E:\3.46\pic18-lt\cxx-framework\src\extended\proc\p18f87j11.asm
                T2CONbits   0x000fca       data     extern E:\3.46\pic18-lt\cxx-framework\src\extended\proc\p18f87j11.asm
                    T3CON   0x000f79       data     extern E:\3.46\pic18-lt\cxx-framework\src\extended\proc\p18f87j11.asm
                T3CONbits   0x000f79       data     extern E:\3.46\pic18-lt\cxx-framework\src\extended\proc\p18f87j11.asm
                    T4CON   0x000f76       data     extern E:\3.46\pic18-lt\cxx-framework\src\extended\proc\p18f87j11.asm
                T4CONbits   0x000f76       data     extern E:\3.46\pic18-lt\cxx-framework\src\extended\proc\p18f87j11.asm
                   TABLAT   0x000ff5       data     extern E:\3.46\pic18-lt\cxx-framework\src\extended\proc\p18f87j11.asm
                   TBLPTR   0x000ff6       data     extern E:\3.46\pic18-lt\cxx-framework\src\extended\proc\p18f87j11.asm
                  TBLPTRH   0x000ff7       data     extern E:\3.46\pic18-lt\cxx-framework\src\extended\proc\p18f87j11.asm
                  TBLPTRL   0x000ff6       data     extern E:\3.46\pic18-lt\cxx-framework\src\extended\proc\p18f87j11.asm
                  TBLPTRU   0x000ff8       data     extern E:\3.46\pic18-lt\cxx-framework\src\extended\proc\p18f87j11.asm
                    TMR0H   0x000fd7       data     extern E:\3.46\pic18-lt\cxx-framework\src\extended\proc\p18f87j11.asm
                    TMR0L   0x000fd6       data     extern E:\3.46\pic18-lt\cxx-framework\src\extended\proc\p18f87j11.asm
                    TMR1H   0x000fcf       data     extern E:\3.46\pic18-lt\cxx-framework\src\extended\proc\p18f87j11.asm
                    TMR1L   0x000fce       data     extern E:\3.46\pic18-lt\cxx-framework\src\extended\proc\p18f87j11.asm
                     TMR2   0x000fcc       data     extern E:\3.46\pic18-lt\cxx-framework\src\extended\proc\p18f87j11.asm
                    TMR3H   0x000f7b       data     extern E:\3.46\pic18-lt\cxx-framework\src\extended\proc\p18f87j11.asm
                    TMR3L   0x000f7a       data     extern E:\3.46\pic18-lt\cxx-framework\src\extended\proc\p18f87j11.asm
                     TMR4   0x000f78       data     extern E:\3.46\pic18-lt\cxx-framework\src\extended\proc\p18f87j11.asm
                      TOS   0x000ffd       data     extern E:\3.46\pic18-lt\cxx-framework\src\extended\proc\p18f87j11.asm
                     TOSH   0x000ffe       data     extern E:\3.46\pic18-lt\cxx-framework\src\extended\proc\p18f87j11.asm
                     TOSL   0x000ffd       data     extern E:\3.46\pic18-lt\cxx-framework\src\extended\proc\p18f87j11.asm
                     TOSU   0x000fff       data     extern E:\3.46\pic18-lt\cxx-framework\src\extended\proc\p18f87j11.asm
                    TRISA   0x000f92       data     extern E:\3.46\pic18-lt\cxx-framework\src\extended\proc\p18f87j11.asm
                TRISAbits   0x000f92       data     extern E:\3.46\pic18-lt\cxx-framework\src\extended\proc\p18f87j11.asm
                    TRISB   0x000f93       data     extern E:\3.46\pic18-lt\cxx-framework\src\extended\proc\p18f87j11.asm
                TRISBbits   0x000f93       data     extern E:\3.46\pic18-lt\cxx-framework\src\extended\proc\p18f87j11.asm
                    TRISC   0x000f94       data     extern E:\3.46\pic18-lt\cxx-framework\src\extended\proc\p18f87j11.asm
                TRISCbits   0x000f94       data     extern E:\3.46\pic18-lt\cxx-framework\src\extended\proc\p18f87j11.asm
                    TRISD   0x000f95       data     extern E:\3.46\pic18-lt\cxx-framework\src\extended\proc\p18f87j11.asm
                TRISDbits   0x000f95       data     extern E:\3.46\pic18-lt\cxx-framework\src\extended\proc\p18f87j11.asm
                    TRISE   0x000f96       data     extern E:\3.46\pic18-lt\cxx-framework\src\extended\proc\p18f87j11.asm
                TRISEbits   0x000f96       data     extern E:\3.46\pic18-lt\cxx-framework\src\extended\proc\p18f87j11.asm
                    TRISF   0x000f97       data     extern E:\3.46\pic18-lt\cxx-framework\src\extended\proc\p18f87j11.asm
                TRISFbits   0x000f97       data     extern E:\3.46\pic18-lt\cxx-framework\src\extended\proc\p18f87j11.asm
                    TRISG   0x000f98       data     extern E:\3.46\pic18-lt\cxx-framework\src\extended\proc\p18f87j11.asm
                TRISGbits   0x000f98       data     extern E:\3.46\pic18-lt\cxx-framework\src\extended\proc\p18f87j11.asm
                    TRISH   0x000f99       data     extern E:\3.46\pic18-lt\cxx-framework\src\extended\proc\p18f87j11.asm
                TRISHbits   0x000f99       data     extern E:\3.46\pic18-lt\cxx-framework\src\extended\proc\p18f87j11.asm
                    TRISJ   0x000f9a       data     extern E:\3.46\pic18-lt\cxx-framework\src\extended\proc\p18f87j11.asm
                TRISJbits   0x000f9a       data     extern E:\3.46\pic18-lt\cxx-framework\src\extended\proc\p18f87j11.asm
                    TXREG   0x000fae       data     extern E:\3.46\pic18-lt\cxx-framework\src\extended\proc\p18f87j11.asm
                   TXREG1   0x000fae       data     extern E:\3.46\pic18-lt\cxx-framework\src\extended\proc\p18f87j11.asm
                   TXREG2   0x000fa9       data     extern E:\3.46\pic18-lt\cxx-framework\src\extended\proc\p18f87j11.asm
                    TXSTA   0x000fad       data     extern E:\3.46\pic18-lt\cxx-framework\src\extended\proc\p18f87j11.asm
                   TXSTA1   0x000fad       data     extern E:\3.46\pic18-lt\cxx-framework\src\extended\proc\p18f87j11.asm
               TXSTA1bits   0x000fad       data     extern E:\3.46\pic18-lt\cxx-framework\src\extended\proc\p18f87j11.asm
                   TXSTA2   0x000fa8       data     extern E:\3.46\pic18-lt\cxx-framework\src\extended\proc\p18f87j11.asm
               TXSTA2bits   0x000fa8       data     extern E:\3.46\pic18-lt\cxx-framework\src\extended\proc\p18f87j11.asm
                TXSTAbits   0x000fad       data     extern E:\3.46\pic18-lt\cxx-framework\src\extended\proc\p18f87j11.asm
                   WDTCON   0x000fc0       data     extern E:\3.46\pic18-lt\cxx-framework\src\extended\proc\p18f87j11.asm
               WDTCONbits   0x000fc0       data     extern E:\3.46\pic18-lt\cxx-framework\src\extended\proc\p18f87j11.asm
                     WREG   0x000fe8       data     extern E:\3.46\pic18-lt\cxx-framework\src\extended\proc\p18f87j11.asm
                __RETVAL0   0x000060       data     extern E:\3.46\pic18-lt\cxx-framework\src\extended\math\cmath18.asm
                __RETVAL1   0x000061       data     extern E:\3.46\pic18-lt\cxx-framework\src\extended\math\cmath18.asm
                __RETVAL2   0x000062       data     extern E:\3.46\pic18-lt\cxx-framework\src\extended\math\cmath18.asm
                __RETVAL3   0x000063       data     extern E:\3.46\pic18-lt\cxx-framework\src\extended\math\cmath18.asm
                  __tmp_0   0x00005e       data     static C:\Users\team2\MPLABXProjects\Every1DJ.X\adc.c
                  __tmp_0   0x00005e       data     static C:\Users\team2\MPLABXProjects\Every1DJ.X\lcd.c
                adcResult   0x000f39       data     extern C:\Users\team2\MPLABXProjects\Every1DJ.X\main.c
                    album   0x000028       data     extern C:\Users\team2\MPLABXProjects\Every1DJ.X\main.c
                   artist   0x000014       data     extern C:\Users\team2\MPLABXProjects\Every1DJ.X\main.c
                      bpm   0x000f2f       data     extern C:\Users\team2\MPLABXProjects\Every1DJ.X\main.c
              changeCount   0x000f2d       data     extern C:\Users\team2\MPLABXProjects\Every1DJ.X\main.c
                  command   0x000f31       data     extern C:\Users\team2\MPLABXProjects\Every1DJ.X\main.c
                    count   0x000f27       data     extern C:\Users\team2\MPLABXProjects\Every1DJ.X\main.c
                curr_byte   0x000057       data     static E:\3.46\pic18-lt\cxx-framework\src\extended\startup\c018i_e.c
               curr_entry   0x000059       data     static E:\3.46\pic18-lt\cxx-framework\src\extended\startup\c018i_e.c
                 dataDone   0x000052       data     extern C:\Users\team2\MPLABXProjects\Every1DJ.X\main.c
                 data_ptr   0x00005b       data     static E:\3.46\pic18-lt\cxx-framework\src\extended\startup\c018i_e.c
              displayPage   0x000050       data     extern C:\Users\team2\MPLABXProjects\Every1DJ.X\main.c
                        i   0x000068       data     extern C:\Users\team2\MPLABXProjects\Every1DJ.X\lcd.c
                       ip   0x000f3d       data     extern C:\Users\team2\MPLABXProjects\Every1DJ.X\main.c
                        k   0x000f3b       data     extern C:\Users\team2\MPLABXProjects\Every1DJ.X\main.c
                 metaData   0x000f29       data     extern C:\Users\team2\MPLABXProjects\Every1DJ.X\main.c
               motorCount   0x000f2b       data     extern C:\Users\team2\MPLABXProjects\Every1DJ.X\main.c
               motorState   0x000f33       data     extern C:\Users\team2\MPLABXProjects\Every1DJ.X\main.c
                     prom   0x000054       data     static E:\3.46\pic18-lt\cxx-framework\src\extended\startup\c018i_e.c
                        q   0x000064       data     extern C:\Users\team2\MPLABXProjects\Every1DJ.X\led_driver.c
                     song   0x000000       data     extern C:\Users\team2\MPLABXProjects\Every1DJ.X\main.c
              timer4Count   0x000f37       data     extern C:\Users\team2\MPLABXProjects\Every1DJ.X\main.c
                timer4Max   0x000f35       data     extern C:\Users\team2\MPLABXProjects\Every1DJ.X\main.c
                      val   0x000f01       data     extern C:\Users\team2\MPLABXProjects\Every1DJ.X\lcd.c
                write_out   0x000f00       data     extern C:\Users\team2\MPLABXProjects\Every1DJ.X\lcd.c
                        y   0x000066       data     extern C:\Users\team2\MPLABXProjects\Every1DJ.X\led_driver.c
                     year   0x00003c       data     extern C:\Users\team2\MPLABXProjects\Every1DJ.X\main.c



                              Symbols - Sorted by Address
                     Name    Address   Location    Storage File                     
                ---------  ---------  ---------  --------- ---------                
                   _entry   0x000000    program     extern E:\3.46\pic18-lt\cxx-framework\src\extended\startup\c018i_e.c
       ___return_lbl00000   0x000004    program     static                          
                   __init   0x000006    program     extern E:\3.46\pic18-lt\cxx-framework\src\extended\stdclib\__init.c
                      isr   0x000008    program     extern C:\Users\team2\MPLABXProjects\Every1DJ.X\main.c
              sendControl   0x00020e    program     extern C:\Users\team2\MPLABXProjects\Every1DJ.X\lcd.c
              sendI2CData   0x000238    program     extern C:\Users\team2\MPLABXProjects\Every1DJ.X\lcd.c
           sendI2CCommand   0x000260    program     extern C:\Users\team2\MPLABXProjects\Every1DJ.X\lcd.c
               sendLetter   0x000298    program     extern C:\Users\team2\MPLABXProjects\Every1DJ.X\lcd.c
       Set_Entire_Display   0x0009e4    program     extern C:\Users\team2\MPLABXProjects\Every1DJ.X\lcd.c
                  lcdGoTo   0x000a02    program     extern C:\Users\team2\MPLABXProjects\Every1DJ.X\lcd.c
           lcdWriteString   0x000a20    program     extern C:\Users\team2\MPLABXProjects\Every1DJ.X\lcd.c
         Set_Start_Column   0x000a5c    program     extern C:\Users\team2\MPLABXProjects\Every1DJ.X\lcd.c
       Set_Display_On_Off   0x000a8a    program     extern C:\Users\team2\MPLABXProjects\Every1DJ.X\lcd.c
           Set_Start_Page   0x000aa8    program     extern C:\Users\team2\MPLABXProjects\Every1DJ.X\lcd.c
                 Fill_RAM   0x000ac6    program     extern C:\Users\team2\MPLABXProjects\Every1DJ.X\lcd.c
             Checkerboard   0x000b1e    program     extern C:\Users\team2\MPLABXProjects\Every1DJ.X\lcd.c
                  openI2C   0x000b6c    program     extern C:\Users\team2\MPLABXProjects\Every1DJ.X\lcd.c
                 closeI2C   0x000b82    program     extern C:\Users\team2\MPLABXProjects\Every1DJ.X\lcd.c
            initializeLCD   0x000b8e    program     extern C:\Users\team2\MPLABXProjects\Every1DJ.X\lcd.c
                 lcdWrite   0x000be8    program     extern C:\Users\team2\MPLABXProjects\Every1DJ.X\lcd.c
              sendDataLED   0x000dae    program     extern C:\Users\team2\MPLABXProjects\Every1DJ.X\led_driver.c
          controlRegister   0x000dd4    program     extern C:\Users\team2\MPLABXProjects\Every1DJ.X\led_driver.c
              closeI2CLED   0x000dee    program     extern C:\Users\team2\MPLABXProjects\Every1DJ.X\led_driver.c
               openI2CLED   0x000dfa    program     extern C:\Users\team2\MPLABXProjects\Every1DJ.X\led_driver.c
                 blueLEDs   0x000e32    program     extern C:\Users\team2\MPLABXProjects\Every1DJ.X\led_driver.c
                  redLEDs   0x000e44    program     extern C:\Users\team2\MPLABXProjects\Every1DJ.X\led_driver.c
                greenLEDs   0x000e56    program     extern C:\Users\team2\MPLABXProjects\Every1DJ.X\led_driver.c
                    LEDON   0x000e68    program     extern C:\Users\team2\MPLABXProjects\Every1DJ.X\led_driver.c
              sendLEDData   0x000e94    program     extern C:\Users\team2\MPLABXProjects\Every1DJ.X\led_driver.c
            initializeADC   0x001022    program     extern C:\Users\team2\MPLABXProjects\Every1DJ.X\adc.c
                      adc   0x00106c    program     extern C:\Users\team2\MPLABXProjects\Every1DJ.X\adc.c
            initializeRPI   0x0011a2    program     extern C:\Users\team2\MPLABXProjects\Every1DJ.X\RPI.c
               receiveSPI   0x0011bc    program     extern C:\Users\team2\MPLABXProjects\Every1DJ.X\RPI.c
          initializeMotor   0x0012d6    program     extern C:\Users\team2\MPLABXProjects\Every1DJ.X\motor_control.c
         sendMotorControl   0x00130e    program     extern C:\Users\team2\MPLABXProjects\Every1DJ.X\motor_control.c
                _do_cinit   0x00137a    program     extern E:\3.46\pic18-lt\cxx-framework\src\extended\startup\c018i_e.c
                     test   0x001394    program     static                          
                copy_loop   0x0013ec    program     static                          
            copy_one_byte   0x0013f2    program     static                          
             done_copying   0x001400    program     static                          
       ___return_lbl00002   0x001416    program     static                          
                     done   0x001416    program     static                          
                     main   0x001418    program     extern C:\Users\team2\MPLABXProjects\Every1DJ.X\main.c
                  __mul16   0x001486    program     extern E:\3.46\pic18-lt\cxx-framework\src\extended\math\mul16.asm
                 OpenSPI1   0x0014ee    program     extern E:\3.46\pic18-lt\cxx-framework\src\pmc_common\SPI\spi1open.c
    initializePushButtons   0x00154c    program     extern C:\Users\team2\MPLABXProjects\Every1DJ.X\pushButtons.c
             Delay100TCYx   0x001574    program     extern E:\3.46\pic18-lt\cxx-framework\src\extended\delays\d100tcyx.asm
       _D100TCYXCODE_000A   0x00157e    program     static E:\3.46\pic18-lt\cxx-framework\src\extended\delays\d100tcyx.asm
       _D100TCYXCODE_000C   0x001580    program     static E:\3.46\pic18-lt\cxx-framework\src\extended\delays\d100tcyx.asm
                    D100x   0x001584    program     static E:\3.46\pic18-lt\cxx-framework\src\extended\delays\d100tcyx.asm
                   D100_1   0x001586    program     static E:\3.46\pic18-lt\cxx-framework\src\extended\delays\d100tcyx.asm
       _D100TCYXCODE_0016   0x00158a    program     static E:\3.46\pic18-lt\cxx-framework\src\extended\delays\d100tcyx.asm
       _D100TCYXCODE_001C   0x001590    program     static E:\3.46\pic18-lt\cxx-framework\src\extended\delays\d100tcyx.asm
            __zero_memory   0x001594    program     extern E:\3.46\pic18-lt\cxx-framework\src\extended\proc\p18f87j11.asm
               zero_block   0x0015a2    program     static E:\3.46\pic18-lt\cxx-framework\src\extended\proc\p18f87j11.asm
                   loop_h   0x0015a2    program     static E:\3.46\pic18-lt\cxx-framework\src\extended\proc\p18f87j11.asm
                compare_l   0x0015aa    program     static E:\3.46\pic18-lt\cxx-framework\src\extended\proc\p18f87j11.asm
                   loop_l   0x0015ac    program     static E:\3.46\pic18-lt\cxx-framework\src\extended\proc\p18f87j11.asm
                   strlen   0x0015b4    program     extern E:\3.46\pic18-lt\cxx-framework\src\extended\stdclib\strlen.asm
                    jLoop   0x0015c4    program     static E:\3.46\pic18-lt\cxx-framework\src\extended\stdclib\strlen.asm
                     jEnd   0x0015ce    program     static E:\3.46\pic18-lt\cxx-framework\src\extended\stdclib\strlen.asm
                 _startup   0x0015d0    program     extern E:\3.46\pic18-lt\cxx-framework\src\extended\startup\c018i_e.c
                     loop   0x0015de    program     static                          
       ___return_lbl00001   0x0015e8    program     static                          
              Delay10TCYx   0x0015ea    program     extern E:\3.46\pic18-lt\cxx-framework\src\extended\delays\d10tcyx.asm
                     D10x   0x0015f2    program     static E:\3.46\pic18-lt\cxx-framework\src\extended\delays\d10tcyx.asm
        _D10TCYXCODE_000A   0x0015f4    program     static E:\3.46\pic18-lt\cxx-framework\src\extended\delays\d10tcyx.asm
        _D10TCYXCODE_000C   0x0015f6    program     static E:\3.46\pic18-lt\cxx-framework\src\extended\delays\d10tcyx.asm
        _D10TCYXCODE_000E   0x0015f8    program     static E:\3.46\pic18-lt\cxx-framework\src\extended\delays\d10tcyx.asm
                    D10_1   0x0015fa    program     static E:\3.46\pic18-lt\cxx-framework\src\extended\delays\d10tcyx.asm
               __config_0   0x01fff8    program     static C:\Users\team2\MPLABXProjects\Every1DJ.X\main.c
               __config_1   0x01fffa    program     static C:\Users\team2\MPLABXProjects\Every1DJ.X\main.c
                     song   0x000000       data     extern C:\Users\team2\MPLABXProjects\Every1DJ.X\main.c
                   artist   0x000014       data     extern C:\Users\team2\MPLABXProjects\Every1DJ.X\main.c
                    album   0x000028       data     extern C:\Users\team2\MPLABXProjects\Every1DJ.X\main.c
                     year   0x00003c       data     extern C:\Users\team2\MPLABXProjects\Every1DJ.X\main.c
              displayPage   0x000050       data     extern C:\Users\team2\MPLABXProjects\Every1DJ.X\main.c
                 dataDone   0x000052       data     extern C:\Users\team2\MPLABXProjects\Every1DJ.X\main.c
                     prom   0x000054       data     static E:\3.46\pic18-lt\cxx-framework\src\extended\startup\c018i_e.c
                curr_byte   0x000057       data     static E:\3.46\pic18-lt\cxx-framework\src\extended\startup\c018i_e.c
               curr_entry   0x000059       data     static E:\3.46\pic18-lt\cxx-framework\src\extended\startup\c018i_e.c
                 data_ptr   0x00005b       data     static E:\3.46\pic18-lt\cxx-framework\src\extended\startup\c018i_e.c
                  __tmp_0   0x00005e       data     static C:\Users\team2\MPLABXProjects\Every1DJ.X\adc.c
                  __tmp_0   0x00005e       data     static C:\Users\team2\MPLABXProjects\Every1DJ.X\lcd.c
                __RETVAL0   0x000060       data     extern E:\3.46\pic18-lt\cxx-framework\src\extended\math\cmath18.asm
                __RETVAL1   0x000061       data     extern E:\3.46\pic18-lt\cxx-framework\src\extended\math\cmath18.asm
                __RETVAL2   0x000062       data     extern E:\3.46\pic18-lt\cxx-framework\src\extended\math\cmath18.asm
                __RETVAL3   0x000063       data     extern E:\3.46\pic18-lt\cxx-framework\src\extended\math\cmath18.asm
                        q   0x000064       data     extern C:\Users\team2\MPLABXProjects\Every1DJ.X\led_driver.c
                        y   0x000066       data     extern C:\Users\team2\MPLABXProjects\Every1DJ.X\led_driver.c
                        i   0x000068       data     extern C:\Users\team2\MPLABXProjects\Every1DJ.X\lcd.c
                write_out   0x000f00       data     extern C:\Users\team2\MPLABXProjects\Every1DJ.X\lcd.c
                      val   0x000f01       data     extern C:\Users\team2\MPLABXProjects\Every1DJ.X\lcd.c
                    count   0x000f27       data     extern C:\Users\team2\MPLABXProjects\Every1DJ.X\main.c
                 metaData   0x000f29       data     extern C:\Users\team2\MPLABXProjects\Every1DJ.X\main.c
               motorCount   0x000f2b       data     extern C:\Users\team2\MPLABXProjects\Every1DJ.X\main.c
              changeCount   0x000f2d       data     extern C:\Users\team2\MPLABXProjects\Every1DJ.X\main.c
                      bpm   0x000f2f       data     extern C:\Users\team2\MPLABXProjects\Every1DJ.X\main.c
                  command   0x000f31       data     extern C:\Users\team2\MPLABXProjects\Every1DJ.X\main.c
               motorState   0x000f33       data     extern C:\Users\team2\MPLABXProjects\Every1DJ.X\main.c
                timer4Max   0x000f35       data     extern C:\Users\team2\MPLABXProjects\Every1DJ.X\main.c
              timer4Count   0x000f37       data     extern C:\Users\team2\MPLABXProjects\Every1DJ.X\main.c
                adcResult   0x000f39       data     extern C:\Users\team2\MPLABXProjects\Every1DJ.X\main.c
                        k   0x000f3b       data     extern C:\Users\team2\MPLABXProjects\Every1DJ.X\main.c
                       ip   0x000f3d       data     extern C:\Users\team2\MPLABXProjects\Every1DJ.X\main.c
            DelayCounter1   0x000f3f       data     extern E:\3.46\pic18-lt\cxx-framework\src\extended\delays\delayd1.asm
                  PMSTATL   0x000f5a       data     extern E:\3.46\pic18-lt\cxx-framework\src\extended\proc\p18f87j11.asm
                   PMSTAT   0x000f5a       data     extern E:\3.46\pic18-lt\cxx-framework\src\extended\proc\p18f87j11.asm
              PMSTATLbits   0x000f5a       data     extern E:\3.46\pic18-lt\cxx-framework\src\extended\proc\p18f87j11.asm
              PMSTATHbits   0x000f5b       data     extern E:\3.46\pic18-lt\cxx-framework\src\extended\proc\p18f87j11.asm
                  PMSTATH   0x000f5b       data     extern E:\3.46\pic18-lt\cxx-framework\src\extended\proc\p18f87j11.asm
                     PMEN   0x000f5c       data     extern E:\3.46\pic18-lt\cxx-framework\src\extended\proc\p18f87j11.asm
                 PMELbits   0x000f5c       data     extern E:\3.46\pic18-lt\cxx-framework\src\extended\proc\p18f87j11.asm
                     PMEL   0x000f5c       data     extern E:\3.46\pic18-lt\cxx-framework\src\extended\proc\p18f87j11.asm
                 PMEHbits   0x000f5d       data     extern E:\3.46\pic18-lt\cxx-framework\src\extended\proc\p18f87j11.asm
                     PMEH   0x000f5d       data     extern E:\3.46\pic18-lt\cxx-framework\src\extended\proc\p18f87j11.asm
                  PMDIN2L   0x000f5e       data     extern E:\3.46\pic18-lt\cxx-framework\src\extended\proc\p18f87j11.asm
                   PMDIN2   0x000f5e       data     extern E:\3.46\pic18-lt\cxx-framework\src\extended\proc\p18f87j11.asm
                  PMDIN2H   0x000f5f       data     extern E:\3.46\pic18-lt\cxx-framework\src\extended\proc\p18f87j11.asm
                 PMDOUT2L   0x000f60       data     extern E:\3.46\pic18-lt\cxx-framework\src\extended\proc\p18f87j11.asm
                  PMDOUT2   0x000f60       data     extern E:\3.46\pic18-lt\cxx-framework\src\extended\proc\p18f87j11.asm
                 PMDOUT2H   0x000f61       data     extern E:\3.46\pic18-lt\cxx-framework\src\extended\proc\p18f87j11.asm
              PMMODELbits   0x000f62       data     extern E:\3.46\pic18-lt\cxx-framework\src\extended\proc\p18f87j11.asm
                  PMMODEL   0x000f62       data     extern E:\3.46\pic18-lt\cxx-framework\src\extended\proc\p18f87j11.asm
                   PMMODE   0x000f62       data     extern E:\3.46\pic18-lt\cxx-framework\src\extended\proc\p18f87j11.asm
                  PMMODEH   0x000f63       data     extern E:\3.46\pic18-lt\cxx-framework\src\extended\proc\p18f87j11.asm
              PMMODEHbits   0x000f63       data     extern E:\3.46\pic18-lt\cxx-framework\src\extended\proc\p18f87j11.asm
                    PMCON   0x000f64       data     extern E:\3.46\pic18-lt\cxx-framework\src\extended\proc\p18f87j11.asm
                   PMCONL   0x000f64       data     extern E:\3.46\pic18-lt\cxx-framework\src\extended\proc\p18f87j11.asm
               PMCONLbits   0x000f64       data     extern E:\3.46\pic18-lt\cxx-framework\src\extended\proc\p18f87j11.asm
                   PMCONH   0x000f65       data     extern E:\3.46\pic18-lt\cxx-framework\src\extended\proc\p18f87j11.asm
               PMCONHbits   0x000f65       data     extern E:\3.46\pic18-lt\cxx-framework\src\extended\proc\p18f87j11.asm
                   PMDIN1   0x000f66       data     extern E:\3.46\pic18-lt\cxx-framework\src\extended\proc\p18f87j11.asm
                  PMDIN1L   0x000f66       data     extern E:\3.46\pic18-lt\cxx-framework\src\extended\proc\p18f87j11.asm
                  PMDIN1H   0x000f67       data     extern E:\3.46\pic18-lt\cxx-framework\src\extended\proc\p18f87j11.asm
                  PMDOUT1   0x000f68       data     extern E:\3.46\pic18-lt\cxx-framework\src\extended\proc\p18f87j11.asm
                 PMDOUT1L   0x000f68       data     extern E:\3.46\pic18-lt\cxx-framework\src\extended\proc\p18f87j11.asm
                  PMADDRL   0x000f68       data     extern E:\3.46\pic18-lt\cxx-framework\src\extended\proc\p18f87j11.asm
                   PMADDR   0x000f68       data     extern E:\3.46\pic18-lt\cxx-framework\src\extended\proc\p18f87j11.asm
                 PMDOUT1H   0x000f69       data     extern E:\3.46\pic18-lt\cxx-framework\src\extended\proc\p18f87j11.asm
              PMADDRHbits   0x000f69       data     extern E:\3.46\pic18-lt\cxx-framework\src\extended\proc\p18f87j11.asm
                  PMADDRH   0x000f69       data     extern E:\3.46\pic18-lt\cxx-framework\src\extended\proc\p18f87j11.asm
               CMSTATbits   0x000f6a       data     extern E:\3.46\pic18-lt\cxx-framework\src\extended\proc\p18f87j11.asm
             CMSTATUSbits   0x000f6a       data     extern E:\3.46\pic18-lt\cxx-framework\src\extended\proc\p18f87j11.asm
                 CMSTATUS   0x000f6a       data     extern E:\3.46\pic18-lt\cxx-framework\src\extended\proc\p18f87j11.asm
                   CMSTAT   0x000f6a       data     extern E:\3.46\pic18-lt\cxx-framework\src\extended\proc\p18f87j11.asm
             SSP2CON2bits   0x000f6b       data     extern E:\3.46\pic18-lt\cxx-framework\src\extended\proc\p18f87j11.asm
                 SSP2CON2   0x000f6b       data     extern E:\3.46\pic18-lt\cxx-framework\src\extended\proc\p18f87j11.asm
             SSP2CON1bits   0x000f6c       data     extern E:\3.46\pic18-lt\cxx-framework\src\extended\proc\p18f87j11.asm
                 SSP2CON1   0x000f6c       data     extern E:\3.46\pic18-lt\cxx-framework\src\extended\proc\p18f87j11.asm
                 SSP2STAT   0x000f6d       data     extern E:\3.46\pic18-lt\cxx-framework\src\extended\proc\p18f87j11.asm
             SSP2STATbits   0x000f6d       data     extern E:\3.46\pic18-lt\cxx-framework\src\extended\proc\p18f87j11.asm
                  SSP2ADD   0x000f6e       data     extern E:\3.46\pic18-lt\cxx-framework\src\extended\proc\p18f87j11.asm
                  SSP2MSK   0x000f6e       data     extern E:\3.46\pic18-lt\cxx-framework\src\extended\proc\p18f87j11.asm
              SSP2MSKbits   0x000f6e       data     extern E:\3.46\pic18-lt\cxx-framework\src\extended\proc\p18f87j11.asm
                  SSP2BUF   0x000f6f       data     extern E:\3.46\pic18-lt\cxx-framework\src\extended\proc\p18f87j11.asm
              CCP5CONbits   0x000f70       data     extern E:\3.46\pic18-lt\cxx-framework\src\extended\proc\p18f87j11.asm
                  CCP5CON   0x000f70       data     extern E:\3.46\pic18-lt\cxx-framework\src\extended\proc\p18f87j11.asm
                    CCPR5   0x000f71       data     extern E:\3.46\pic18-lt\cxx-framework\src\extended\proc\p18f87j11.asm
                   CCPR5L   0x000f71       data     extern E:\3.46\pic18-lt\cxx-framework\src\extended\proc\p18f87j11.asm
                   CCPR5H   0x000f72       data     extern E:\3.46\pic18-lt\cxx-framework\src\extended\proc\p18f87j11.asm
              CCP4CONbits   0x000f73       data     extern E:\3.46\pic18-lt\cxx-framework\src\extended\proc\p18f87j11.asm
                  CCP4CON   0x000f73       data     extern E:\3.46\pic18-lt\cxx-framework\src\extended\proc\p18f87j11.asm
                   CCPR4L   0x000f74       data     extern E:\3.46\pic18-lt\cxx-framework\src\extended\proc\p18f87j11.asm
                    CCPR4   0x000f74       data     extern E:\3.46\pic18-lt\cxx-framework\src\extended\proc\p18f87j11.asm
                   CCPR4H   0x000f75       data     extern E:\3.46\pic18-lt\cxx-framework\src\extended\proc\p18f87j11.asm
                T4CONbits   0x000f76       data     extern E:\3.46\pic18-lt\cxx-framework\src\extended\proc\p18f87j11.asm
                    T4CON   0x000f76       data     extern E:\3.46\pic18-lt\cxx-framework\src\extended\proc\p18f87j11.asm
                   CVRCON   0x000f77       data     extern E:\3.46\pic18-lt\cxx-framework\src\extended\proc\p18f87j11.asm
               CVRCONbits   0x000f77       data     extern E:\3.46\pic18-lt\cxx-framework\src\extended\proc\p18f87j11.asm
                      PR4   0x000f77       data     extern E:\3.46\pic18-lt\cxx-framework\src\extended\proc\p18f87j11.asm
                     TMR4   0x000f78       data     extern E:\3.46\pic18-lt\cxx-framework\src\extended\proc\p18f87j11.asm
                    T3CON   0x000f79       data     extern E:\3.46\pic18-lt\cxx-framework\src\extended\proc\p18f87j11.asm
                T3CONbits   0x000f79       data     extern E:\3.46\pic18-lt\cxx-framework\src\extended\proc\p18f87j11.asm
                    TMR3L   0x000f7a       data     extern E:\3.46\pic18-lt\cxx-framework\src\extended\proc\p18f87j11.asm
[...]
                RCSTAbits   0x000fac       data     extern E:\3.46\pic18-lt\cxx-framework\src\extended\proc\p18f87j11.asm
                    TXSTA   0x000fad       data     extern E:\3.46\pic18-lt\cxx-framework\src\extended\proc\p18f87j11.asm
                   TXSTA1   0x000fad       data     extern E:\3.46\pic18-lt\cxx-framework\src\extended\proc\p18f87j11.asm
               TXSTA1bits   0x000fad       data     extern E:\3.46\pic18-lt\cxx-framework\src\extended\proc\p18f87j11.asm
                TXSTAbits   0x000fad       data     extern E:\3.46\pic18-lt\cxx-framework\src\extended\proc\p18f87j11.asm
                    TXREG   0x000fae       data     extern E:\3.46\pic18-lt\cxx-framework\src\extended\proc\p18f87j11.asm
                   TXREG1   0x000fae       data     extern E:\3.46\pic18-lt\cxx-framework\src\extended\proc\p18f87j11.asm
                   RCREG1   0x000faf       data     extern E:\3.46\pic18-lt\cxx-framework\src\extended\proc\p18f87j11.asm
                    RCREG   0x000faf       data     extern E:\3.46\pic18-lt\cxx-framework\src\extended\proc\p18f87j11.asm
                   SPBRG1   0x000fb0       data     extern E:\3.46\pic18-lt\cxx-framework\src\extended\proc\p18f87j11.asm
                    SPBRG   0x000fb0       data     extern E:\3.46\pic18-lt\cxx-framework\src\extended\proc\p18f87j11.asm
                 ECCP3CON   0x000fb1       data     extern E:\3.46\pic18-lt\cxx-framework\src\extended\proc\p18f87j11.asm
             ECCP3CONbits   0x000fb1       data     extern E:\3.46\pic18-lt\cxx-framework\src\extended\proc\p18f87j11.asm
              CCP3CONbits   0x000fb1       data     extern E:\3.46\pic18-lt\cxx-framework\src\extended\proc\p18f87j11.asm
                  CCP3CON   0x000fb1       data     extern E:\3.46\pic18-lt\cxx-framework\src\extended\proc\p18f87j11.asm
                   CCPR3L   0x000fb2       data     extern E:\3.46\pic18-lt\cxx-framework\src\extended\proc\p18f87j11.asm
                    CCPR3   0x000fb2       data     extern E:\3.46\pic18-lt\cxx-framework\src\extended\proc\p18f87j11.asm
                   CCPR3H   0x000fb3       data     extern E:\3.46\pic18-lt\cxx-framework\src\extended\proc\p18f87j11.asm
             ECCP3DELbits   0x000fb4       data     extern E:\3.46\pic18-lt\cxx-framework\src\extended\proc\p18f87j11.asm
                 ECCP3DEL   0x000fb4       data     extern E:\3.46\pic18-lt\cxx-framework\src\extended\proc\p18f87j11.asm
                  ECCP3AS   0x000fb5       data     extern E:\3.46\pic18-lt\cxx-framework\src\extended\proc\p18f87j11.asm
              ECCP3ASbits   0x000fb5       data     extern E:\3.46\pic18-lt\cxx-framework\src\extended\proc\p18f87j11.asm
             ECCP2CONbits   0x000fb6       data     extern E:\3.46\pic18-lt\cxx-framework\src\extended\proc\p18f87j11.asm
                  CCP2CON   0x000fb6       data     extern E:\3.46\pic18-lt\cxx-framework\src\extended\proc\p18f87j11.asm
              CCP2CONbits   0x000fb6       data     extern E:\3.46\pic18-lt\cxx-framework\src\extended\proc\p18f87j11.asm
                 ECCP2CON   0x000fb6       data     extern E:\3.46\pic18-lt\cxx-framework\src\extended\proc\p18f87j11.asm
                   CCPR2L   0x000fb7       data     extern E:\3.46\pic18-lt\cxx-framework\src\extended\proc\p18f87j11.asm
                    CCPR2   0x000fb7       data     extern E:\3.46\pic18-lt\cxx-framework\src\extended\proc\p18f87j11.asm
                   CCPR2H   0x000fb8       data     extern E:\3.46\pic18-lt\cxx-framework\src\extended\proc\p18f87j11.asm
             ECCP2DELbits   0x000fb9       data     extern E:\3.46\pic18-lt\cxx-framework\src\extended\proc\p18f87j11.asm
                 ECCP2DEL   0x000fb9       data     extern E:\3.46\pic18-lt\cxx-framework\src\extended\proc\p18f87j11.asm
                  ECCP2AS   0x000fba       data     extern E:\3.46\pic18-lt\cxx-framework\src\extended\proc\p18f87j11.asm
              ECCP2ASbits   0x000fba       data     extern E:\3.46\pic18-lt\cxx-framework\src\extended\proc\p18f87j11.asm
                 ECCP1CON   0x000fbb       data     extern E:\3.46\pic18-lt\cxx-framework\src\extended\proc\p18f87j11.asm
             ECCP1CONbits   0x000fbb       data     extern E:\3.46\pic18-lt\cxx-framework\src\extended\proc\p18f87j11.asm
                  CCP1CON   0x000fbb       data     extern E:\3.46\pic18-lt\cxx-framework\src\extended\proc\p18f87j11.asm
              CCP1CONbits   0x000fbb       data     extern E:\3.46\pic18-lt\cxx-framework\src\extended\proc\p18f87j11.asm
                    CCPR1   0x000fbc       data     extern E:\3.46\pic18-lt\cxx-framework\src\extended\proc\p18f87j11.asm
                   CCPR1L   0x000fbc       data     extern E:\3.46\pic18-lt\cxx-framework\src\extended\proc\p18f87j11.asm
                   CCPR1H   0x000fbd       data     extern E:\3.46\pic18-lt\cxx-framework\src\extended\proc\p18f87j11.asm
             ECCP1DELbits   0x000fbe       data     extern E:\3.46\pic18-lt\cxx-framework\src\extended\proc\p18f87j11.asm
                 ECCP1DEL   0x000fbe       data     extern E:\3.46\pic18-lt\cxx-framework\src\extended\proc\p18f87j11.asm
                  ECCP1AS   0x000fbf       data     extern E:\3.46\pic18-lt\cxx-framework\src\extended\proc\p18f87j11.asm
              ECCP1ASbits   0x000fbf       data     extern E:\3.46\pic18-lt\cxx-framework\src\extended\proc\p18f87j11.asm
                   WDTCON   0x000fc0       data     extern E:\3.46\pic18-lt\cxx-framework\src\extended\proc\p18f87j11.asm
               WDTCONbits   0x000fc0       data     extern E:\3.46\pic18-lt\cxx-framework\src\extended\proc\p18f87j11.asm
                   ADCON1   0x000fc1       data     extern E:\3.46\pic18-lt\cxx-framework\src\extended\proc\p18f87j11.asm
               ANCON0bits   0x000fc1       data     extern E:\3.46\pic18-lt\cxx-framework\src\extended\proc\p18f87j11.asm
                   ANCON0   0x000fc1       data     extern E:\3.46\pic18-lt\cxx-framework\src\extended\proc\p18f87j11.asm
               ADCON1bits   0x000fc1       data     extern E:\3.46\pic18-lt\cxx-framework\src\extended\proc\p18f87j11.asm
                   ADCON0   0x000fc2       data     extern E:\3.46\pic18-lt\cxx-framework\src\extended\proc\p18f87j11.asm
               ADCON0bits   0x000fc2       data     extern E:\3.46\pic18-lt\cxx-framework\src\extended\proc\p18f87j11.asm
                   ANCON1   0x000fc2       data     extern E:\3.46\pic18-lt\cxx-framework\src\extended\proc\p18f87j11.asm
               ANCON1bits   0x000fc2       data     extern E:\3.46\pic18-lt\cxx-framework\src\extended\proc\p18f87j11.asm
                   ADRESL   0x000fc3       data     extern E:\3.46\pic18-lt\cxx-framework\src\extended\proc\p18f87j11.asm
                    ADRES   0x000fc3       data     extern E:\3.46\pic18-lt\cxx-framework\src\extended\proc\p18f87j11.asm
                   ADRESH   0x000fc4       data     extern E:\3.46\pic18-lt\cxx-framework\src\extended\proc\p18f87j11.asm
             SSP1CON2bits   0x000fc5       data     extern E:\3.46\pic18-lt\cxx-framework\src\extended\proc\p18f87j11.asm
                 SSP1CON2   0x000fc5       data     extern E:\3.46\pic18-lt\cxx-framework\src\extended\proc\p18f87j11.asm
                  SSPCON2   0x000fc5       data     extern E:\3.46\pic18-lt\cxx-framework\src\extended\proc\p18f87j11.asm
              SSPCON2bits   0x000fc5       data     extern E:\3.46\pic18-lt\cxx-framework\src\extended\proc\p18f87j11.asm
                 SSP1CON1   0x000fc6       data     extern E:\3.46\pic18-lt\cxx-framework\src\extended\proc\p18f87j11.asm
             SSP1CON1bits   0x000fc6       data     extern E:\3.46\pic18-lt\cxx-framework\src\extended\proc\p18f87j11.asm
                  SSPCON1   0x000fc6       data     extern E:\3.46\pic18-lt\cxx-framework\src\extended\proc\p18f87j11.asm
              SSPCON1bits   0x000fc6       data     extern E:\3.46\pic18-lt\cxx-framework\src\extended\proc\p18f87j11.asm
              SSPSTATbits   0x000fc7       data     extern E:\3.46\pic18-lt\cxx-framework\src\extended\proc\p18f87j11.asm
                  SSPSTAT   0x000fc7       data     extern E:\3.46\pic18-lt\cxx-framework\src\extended\proc\p18f87j11.asm
                 SSP1STAT   0x000fc7       data     extern E:\3.46\pic18-lt\cxx-framework\src\extended\proc\p18f87j11.asm
             SSP1STATbits   0x000fc7       data     extern E:\3.46\pic18-lt\cxx-framework\src\extended\proc\p18f87j11.asm
                   SSPADD   0x000fc8       data     extern E:\3.46\pic18-lt\cxx-framework\src\extended\proc\p18f87j11.asm
                  SSP1MSK   0x000fc8       data     extern E:\3.46\pic18-lt\cxx-framework\src\extended\proc\p18f87j11.asm
              SSP1MSKbits   0x000fc8       data     extern E:\3.46\pic18-lt\cxx-framework\src\extended\proc\p18f87j11.asm
                  SSP1ADD   0x000fc8       data     extern E:\3.46\pic18-lt\cxx-framework\src\extended\proc\p18f87j11.asm
                   SSPBUF   0x000fc9       data     extern E:\3.46\pic18-lt\cxx-framework\src\extended\proc\p18f87j11.asm
                  SSP1BUF   0x000fc9       data     extern E:\3.46\pic18-lt\cxx-framework\src\extended\proc\p18f87j11.asm
                    T2CON   0x000fca       data     extern E:\3.46\pic18-lt\cxx-framework\src\extended\proc\p18f87j11.asm
                T2CONbits   0x000fca       data     extern E:\3.46\pic18-lt\cxx-framework\src\extended\proc\p18f87j11.asm
                      PR2   0x000fcb       data     extern E:\3.46\pic18-lt\cxx-framework\src\extended\proc\p18f87j11.asm
               MEMCONbits   0x000fcb       data     extern E:\3.46\pic18-lt\cxx-framework\src\extended\proc\p18f87j11.asm
                   MEMCON   0x000fcb       data     extern E:\3.46\pic18-lt\cxx-framework\src\extended\proc\p18f87j11.asm
              PADCFG1bits   0x000fcc       data     extern E:\3.46\pic18-lt\cxx-framework\src\extended\proc\p18f87j11.asm
                  PADCFG1   0x000fcc       data     extern E:\3.46\pic18-lt\cxx-framework\src\extended\proc\p18f87j11.asm
                     TMR2   0x000fcc       data     extern E:\3.46\pic18-lt\cxx-framework\src\extended\proc\p18f87j11.asm
               ODCON3bits   0x000fcd       data     extern E:\3.46\pic18-lt\cxx-framework\src\extended\proc\p18f87j11.asm
                   ODCON3   0x000fcd       data     extern E:\3.46\pic18-lt\cxx-framework\src\extended\proc\p18f87j11.asm
                    T1CON   0x000fcd       data     extern E:\3.46\pic18-lt\cxx-framework\src\extended\proc\p18f87j11.asm
                T1CONbits   0x000fcd       data     extern E:\3.46\pic18-lt\cxx-framework\src\extended\proc\p18f87j11.asm
                   ODCON2   0x000fce       data     extern E:\3.46\pic18-lt\cxx-framework\src\extended\proc\p18f87j11.asm
               ODCON2bits   0x000fce       data     extern E:\3.46\pic18-lt\cxx-framework\src\extended\proc\p18f87j11.asm
                    TMR1L   0x000fce       data     extern E:\3.46\pic18-lt\cxx-framework\src\extended\proc\p18f87j11.asm
               ODCON1bits   0x000fcf       data     extern E:\3.46\pic18-lt\cxx-framework\src\extended\proc\p18f87j11.asm
                   ODCON1   0x000fcf       data     extern E:\3.46\pic18-lt\cxx-framework\src\extended\proc\p18f87j11.asm
                    TMR1H   0x000fcf       data     extern E:\3.46\pic18-lt\cxx-framework\src\extended\proc\p18f87j11.asm
                 RCONbits   0x000fd0       data     extern E:\3.46\pic18-lt\cxx-framework\src\extended\proc\p18f87j11.asm
                     RCON   0x000fd0       data     extern E:\3.46\pic18-lt\cxx-framework\src\extended\proc\p18f87j11.asm
               CM2CONbits   0x000fd1       data     extern E:\3.46\pic18-lt\cxx-framework\src\extended\proc\p18f87j11.asm
                  CM2CON1   0x000fd1       data     extern E:\3.46\pic18-lt\cxx-framework\src\extended\proc\p18f87j11.asm
                   CM2CON   0x000fd1       data     extern E:\3.46\pic18-lt\cxx-framework\src\extended\proc\p18f87j11.asm
              CM2CON1bits   0x000fd1       data     extern E:\3.46\pic18-lt\cxx-framework\src\extended\proc\p18f87j11.asm
               CM1CONbits   0x000fd2       data     extern E:\3.46\pic18-lt\cxx-framework\src\extended\proc\p18f87j11.asm
              CM1CON1bits   0x000fd2       data     extern E:\3.46\pic18-lt\cxx-framework\src\extended\proc\p18f87j11.asm
                  CM1CON1   0x000fd2       data     extern E:\3.46\pic18-lt\cxx-framework\src\extended\proc\p18f87j11.asm
                   CM1CON   0x000fd2       data     extern E:\3.46\pic18-lt\cxx-framework\src\extended\proc\p18f87j11.asm
              REFOCONbits   0x000fd3       data     extern E:\3.46\pic18-lt\cxx-framework\src\extended\proc\p18f87j11.asm
                   OSCCON   0x000fd3       data     extern E:\3.46\pic18-lt\cxx-framework\src\extended\proc\p18f87j11.asm
               OSCCONbits   0x000fd3       data     extern E:\3.46\pic18-lt\cxx-framework\src\extended\proc\p18f87j11.asm
                  REFOCON   0x000fd3       data     extern E:\3.46\pic18-lt\cxx-framework\src\extended\proc\p18f87j11.asm
                    T0CON   0x000fd5       data     extern E:\3.46\pic18-lt\cxx-framework\src\extended\proc\p18f87j11.asm
                T0CONbits   0x000fd5       data     extern E:\3.46\pic18-lt\cxx-framework\src\extended\proc\p18f87j11.asm
                    TMR0L   0x000fd6       data     extern E:\3.46\pic18-lt\cxx-framework\src\extended\proc\p18f87j11.asm
                    TMR0H   0x000fd7       data     extern E:\3.46\pic18-lt\cxx-framework\src\extended\proc\p18f87j11.asm
                   STATUS   0x000fd8       data     extern E:\3.46\pic18-lt\cxx-framework\src\extended\proc\p18f87j11.asm
               STATUSbits   0x000fd8       data     extern E:\3.46\pic18-lt\cxx-framework\src\extended\proc\p18f87j11.asm
                    FSR2L   0x000fd9       data     extern E:\3.46\pic18-lt\cxx-framework\src\extended\proc\p18f87j11.asm
                     FSR2   0x000fd9       data     extern E:\3.46\pic18-lt\cxx-framework\src\extended\proc\p18f87j11.asm
                    FSR2H   0x000fda       data     extern E:\3.46\pic18-lt\cxx-framework\src\extended\proc\p18f87j11.asm
                   PLUSW2   0x000fdb       data     extern E:\3.46\pic18-lt\cxx-framework\src\extended\proc\p18f87j11.asm
                  PREINC2   0x000fdc       data     extern E:\3.46\pic18-lt\cxx-framework\src\extended\proc\p18f87j11.asm
                 POSTDEC2   0x000fdd       data     extern E:\3.46\pic18-lt\cxx-framework\src\extended\proc\p18f87j11.asm
                 POSTINC2   0x000fde       data     extern E:\3.46\pic18-lt\cxx-framework\src\extended\proc\p18f87j11.asm
                    INDF2   0x000fdf       data     extern E:\3.46\pic18-lt\cxx-framework\src\extended\proc\p18f87j11.asm
                      BSR   0x000fe0       data     extern E:\3.46\pic18-lt\cxx-framework\src\extended\proc\p18f87j11.asm
                    FSR1L   0x000fe1       data     extern E:\3.46\pic18-lt\cxx-framework\src\extended\proc\p18f87j11.asm
                     FSR1   0x000fe1       data     extern E:\3.46\pic18-lt\cxx-framework\src\extended\proc\p18f87j11.asm
                    FSR1H   0x000fe2       data     extern E:\3.46\pic18-lt\cxx-framework\src\extended\proc\p18f87j11.asm
                   PLUSW1   0x000fe3       data     extern E:\3.46\pic18-lt\cxx-framework\src\extended\proc\p18f87j11.asm
                  PREINC1   0x000fe4       data     extern E:\3.46\pic18-lt\cxx-framework\src\extended\proc\p18f87j11.asm
                 POSTDEC1   0x000fe5       data     extern E:\3.46\pic18-lt\cxx-framework\src\extended\proc\p18f87j11.asm
                 POSTINC1   0x000fe6       data     extern E:\3.46\pic18-lt\cxx-framework\src\extended\proc\p18f87j11.asm
                    INDF1   0x000fe7       data     extern E:\3.46\pic18-lt\cxx-framework\src\extended\proc\p18f87j11.asm
                     WREG   0x000fe8       data     extern E:\3.46\pic18-lt\cxx-framework\src\extended\proc\p18f87j11.asm
                    FSR0L   0x000fe9       data     extern E:\3.46\pic18-lt\cxx-framework\src\extended\proc\p18f87j11.asm
                     FSR0   0x000fe9       data     extern E:\3.46\pic18-lt\cxx-framework\src\extended\proc\p18f87j11.asm
                    FSR0H   0x000fea       data     extern E:\3.46\pic18-lt\cxx-framework\src\extended\proc\p18f87j11.asm
                   PLUSW0   0x000feb       data     extern E:\3.46\pic18-lt\cxx-framework\src\extended\proc\p18f87j11.asm
                  PREINC0   0x000fec       data     extern E:\3.46\pic18-lt\cxx-framework\src\extended\proc\p18f87j11.asm
                 POSTDEC0   0x000fed       data     extern E:\3.46\pic18-lt\cxx-framework\src\extended\proc\p18f87j11.asm
                 POSTINC0   0x000fee       data     extern E:\3.46\pic18-lt\cxx-framework\src\extended\proc\p18f87j11.asm
                    INDF0   0x000fef       data     extern E:\3.46\pic18-lt\cxx-framework\src\extended\proc\p18f87j11.asm
              INTCON3bits   0x000ff0       data     extern E:\3.46\pic18-lt\cxx-framework\src\extended\proc\p18f87j11.asm
                  INTCON3   0x000ff0       data     extern E:\3.46\pic18-lt\cxx-framework\src\extended\proc\p18f87j11.asm
              INTCON2bits   0x000ff1       data     extern E:\3.46\pic18-lt\cxx-framework\src\extended\proc\p18f87j11.asm
                  INTCON2   0x000ff1       data     extern E:\3.46\pic18-lt\cxx-framework\src\extended\proc\p18f87j11.asm
                   INTCON   0x000ff2       data     extern E:\3.46\pic18-lt\cxx-framework\src\extended\proc\p18f87j11.asm
               INTCONbits   0x000ff2       data     extern E:\3.46\pic18-lt\cxx-framework\src\extended\proc\p18f87j11.asm
                    PRODL   0x000ff3       data     extern E:\3.46\pic18-lt\cxx-framework\src\extended\proc\p18f87j11.asm
                     PROD   0x000ff3       data     extern E:\3.46\pic18-lt\cxx-framework\src\extended\proc\p18f87j11.asm
                    PRODH   0x000ff4       data     extern E:\3.46\pic18-lt\cxx-framework\src\extended\proc\p18f87j11.asm
                   TABLAT   0x000ff5       data     extern E:\3.46\pic18-lt\cxx-framework\src\extended\proc\p18f87j11.asm
                   TBLPTR   0x000ff6       data     extern E:\3.46\pic18-lt\cxx-framework\src\extended\proc\p18f87j11.asm
                  TBLPTRL   0x000ff6       data     extern E:\3.46\pic18-lt\cxx-framework\src\extended\proc\p18f87j11.asm
                  TBLPTRH   0x000ff7       data     extern E:\3.46\pic18-lt\cxx-framework\src\extended\proc\p18f87j11.asm
                  TBLPTRU   0x000ff8       data     extern E:\3.46\pic18-lt\cxx-framework\src\extended\proc\p18f87j11.asm
                      PCL   0x000ff9       data     extern E:\3.46\pic18-lt\cxx-framework\src\extended\proc\p18f87j11.asm
                       PC   0x000ff9       data     extern E:\3.46\pic18-lt\cxx-framework\src\extended\proc\p18f87j11.asm
                   PCLATH   0x000ffa       data     extern E:\3.46\pic18-lt\cxx-framework\src\extended\proc\p18f87j11.asm
                   PCLATU   0x000ffb       data     extern E:\3.46\pic18-lt\cxx-framework\src\extended\proc\p18f87j11.asm
               STKPTRbits   0x000ffc       data     extern E:\3.46\pic18-lt\cxx-framework\src\extended\proc\p18f87j11.asm
                   STKPTR   0x000ffc       data     extern E:\3.46\pic18-lt\cxx-framework\src\extended\proc\p18f87j11.asm
                      TOS   0x000ffd       data     extern E:\3.46\pic18-lt\cxx-framework\src\extended\proc\p18f87j11.asm
                     TOSL   0x000ffd       data     extern E:\3.46\pic18-lt\cxx-framework\src\extended\proc\p18f87j11.asm
                     TOSH   0x000ffe       data     extern E:\3.46\pic18-lt\cxx-framework\src\extended\proc\p18f87j11.asm
                     TOSU   0x000fff       data     extern E:\3.46\pic18-lt\cxx-framework\src\extended\proc\p18f87j11.asm


